Component: ARM Compiler 5.05 (build 41) Tool: armlink [4d0eb9]

==============================================================================

Section Cross References

    startup_stm32f030x8.o(RESET) refers to startup_stm32f030x8.o(STACK) for __initial_sp
    startup_stm32f030x8.o(RESET) refers to startup_stm32f030x8.o(.text) for Reset_Handler
    startup_stm32f030x8.o(RESET) refers to stm32f0xx_it.o(i.NMI_Handler) for NMI_Handler
    startup_stm32f030x8.o(RESET) refers to stm32f0xx_it.o(i.HardFault_Handler) for HardFault_Handler
    startup_stm32f030x8.o(RESET) refers to hal_cm1.o(.emb_text) for SVC_Handler
    startup_stm32f030x8.o(RESET) refers to stm32f0xx_it.o(i.TIM3_IRQHandler) for TIM3_IRQHandler
    startup_stm32f030x8.o(RESET) refers to serial.o(i.USART1_IRQHandler) for USART1_IRQHandler
    startup_stm32f030x8.o(.text) refers to system_stm32f0xx.o(i.SystemInit) for SystemInit
    startup_stm32f030x8.o(.text) refers to entry.o(.ARM.Collect$$$$00000000) for __main
    stm32f0xx_adc.o(i.ADC_DeInit) refers to stm32f0xx_rcc.o(i.RCC_APB2PeriphResetCmd) for RCC_APB2PeriphResetCmd
    stm32f0xx_cec.o(i.CEC_DeInit) refers to stm32f0xx_rcc.o(i.RCC_APB1PeriphResetCmd) for RCC_APB1PeriphResetCmd
    stm32f0xx_dac.o(i.DAC_DeInit) refers to stm32f0xx_rcc.o(i.RCC_APB1PeriphResetCmd) for RCC_APB1PeriphResetCmd
    stm32f0xx_flash.o(i.FLASH_EraseAllPages) refers to stm32f0xx_flash.o(i.FLASH_WaitForLastOperation) for FLASH_WaitForLastOperation
    stm32f0xx_flash.o(i.FLASH_ErasePage) refers to stm32f0xx_flash.o(i.FLASH_WaitForLastOperation) for FLASH_WaitForLastOperation
    stm32f0xx_flash.o(i.FLASH_OB_BOOTConfig) refers to stm32f0xx_flash.o(i.FLASH_WaitForLastOperation) for FLASH_WaitForLastOperation
    stm32f0xx_flash.o(i.FLASH_OB_EnableWRP) refers to stm32f0xx_flash.o(i.FLASH_WaitForLastOperation) for FLASH_WaitForLastOperation
    stm32f0xx_flash.o(i.FLASH_OB_Erase) refers to stm32f0xx_flash.o(i.FLASH_OB_GetRDP) for FLASH_OB_GetRDP
    stm32f0xx_flash.o(i.FLASH_OB_Erase) refers to stm32f0xx_flash.o(i.FLASH_WaitForLastOperation) for FLASH_WaitForLastOperation
    stm32f0xx_flash.o(i.FLASH_OB_ProgramData) refers to stm32f0xx_flash.o(i.FLASH_WaitForLastOperation) for FLASH_WaitForLastOperation
    stm32f0xx_flash.o(i.FLASH_OB_RDPConfig) refers to stm32f0xx_flash.o(i.FLASH_WaitForLastOperation) for FLASH_WaitForLastOperation
    stm32f0xx_flash.o(i.FLASH_OB_SRAMParityConfig) refers to stm32f0xx_flash.o(i.FLASH_WaitForLastOperation) for FLASH_WaitForLastOperation
    stm32f0xx_flash.o(i.FLASH_OB_UserConfig) refers to stm32f0xx_flash.o(i.FLASH_WaitForLastOperation) for FLASH_WaitForLastOperation
    stm32f0xx_flash.o(i.FLASH_OB_VDDAConfig) refers to stm32f0xx_flash.o(i.FLASH_WaitForLastOperation) for FLASH_WaitForLastOperation
    stm32f0xx_flash.o(i.FLASH_OB_WriteUser) refers to stm32f0xx_flash.o(i.FLASH_WaitForLastOperation) for FLASH_WaitForLastOperation
    stm32f0xx_flash.o(i.FLASH_ProgramHalfWord) refers to stm32f0xx_flash.o(i.FLASH_WaitForLastOperation) for FLASH_WaitForLastOperation
    stm32f0xx_flash.o(i.FLASH_ProgramWord) refers to stm32f0xx_flash.o(i.FLASH_WaitForLastOperation) for FLASH_WaitForLastOperation
    stm32f0xx_flash.o(i.FLASH_WaitForLastOperation) refers to stm32f0xx_flash.o(i.FLASH_GetStatus) for FLASH_GetStatus
    stm32f0xx_gpio.o(i.GPIO_DeInit) refers to stm32f0xx_rcc.o(i.RCC_AHBPeriphResetCmd) for RCC_AHBPeriphResetCmd
    stm32f0xx_i2c.o(i.I2C_DeInit) refers to stm32f0xx_rcc.o(i.RCC_APB1PeriphResetCmd) for RCC_APB1PeriphResetCmd
    stm32f0xx_pwr.o(i.PWR_DeInit) refers to stm32f0xx_rcc.o(i.RCC_APB1PeriphResetCmd) for RCC_APB1PeriphResetCmd
    stm32f0xx_rcc.o(i.RCC_GetClocksFreq) refers to uidiv.o(.text) for __aeabi_uidivmod
    stm32f0xx_rcc.o(i.RCC_GetClocksFreq) refers to stm32f0xx_rcc.o(.data) for .data
    stm32f0xx_rcc.o(i.RCC_WaitForHSEStartUp) refers to stm32f0xx_rcc.o(i.RCC_GetFlagStatus) for RCC_GetFlagStatus
    stm32f0xx_rtc.o(i.RTC_DeInit) refers to stm32f0xx_rtc.o(i.RTC_EnterInitMode) for RTC_EnterInitMode
    stm32f0xx_rtc.o(i.RTC_DeInit) refers to stm32f0xx_rtc.o(i.RTC_WaitForSynchro) for RTC_WaitForSynchro
    stm32f0xx_rtc.o(i.RTC_GetAlarm) refers to stm32f0xx_rtc.o(i.RTC_Bcd2ToByte) for RTC_Bcd2ToByte
    stm32f0xx_rtc.o(i.RTC_GetDate) refers to stm32f0xx_rtc.o(i.RTC_Bcd2ToByte) for RTC_Bcd2ToByte
    stm32f0xx_rtc.o(i.RTC_GetTime) refers to stm32f0xx_rtc.o(i.RTC_Bcd2ToByte) for RTC_Bcd2ToByte
    stm32f0xx_rtc.o(i.RTC_GetTimeStamp) refers to stm32f0xx_rtc.o(i.RTC_Bcd2ToByte) for RTC_Bcd2ToByte
    stm32f0xx_rtc.o(i.RTC_Init) refers to stm32f0xx_rtc.o(i.RTC_EnterInitMode) for RTC_EnterInitMode
    stm32f0xx_rtc.o(i.RTC_Init) refers to stm32f0xx_rtc.o(i.RTC_ExitInitMode) for RTC_ExitInitMode
    stm32f0xx_rtc.o(i.RTC_RefClockCmd) refers to stm32f0xx_rtc.o(i.RTC_EnterInitMode) for RTC_EnterInitMode
    stm32f0xx_rtc.o(i.RTC_RefClockCmd) refers to stm32f0xx_rtc.o(i.RTC_ExitInitMode) for RTC_ExitInitMode
[...]
    ../fplib/microlib/fpdiv.c                0x00000000   Number         0  fdiv.o ABSOLUTE
    ../fplib/microlib/fpdiv.c                0x00000000   Number         0  ddiv.o ABSOLUTE
    ../fplib/microlib/fpepilogue.c           0x00000000   Number         0  depilogue.o ABSOLUTE
    ../fplib/microlib/fpepilogue.c           0x00000000   Number         0  fepilogue.o ABSOLUTE
    ../fplib/microlib/fpfix.c                0x00000000   Number         0  ffixui.o ABSOLUTE
    ../fplib/microlib/fpfix.c                0x00000000   Number         0  dfixui.o ABSOLUTE
    ../fplib/microlib/fpfix.c                0x00000000   Number         0  dfixul.o ABSOLUTE
    ../fplib/microlib/fpflt.c                0x00000000   Number         0  dfltui.o ABSOLUTE
    ../fplib/microlib/fpflt.c                0x00000000   Number         0  ffltui.o ABSOLUTE
    ../fplib/microlib/fpmul.c                0x00000000   Number         0  dmul.o ABSOLUTE
    ../fplib/microlib/fpscalb.c              0x00000000   Number         0  fscalb.o ABSOLUTE
    Libraries\CMSIS\Device\ST\STM32F0xx\Source\Templates\arm\startup_stm32f030x8.s 0x00000000   Number         0  startup_stm32f030x8.o ABSOLUTE
    Libraries\STM32F0xx_StdPeriph_Driver\src\stm32f0xx_adc.c 0x00000000   Number         0  stm32f0xx_adc.o ABSOLUTE
    Libraries\STM32F0xx_StdPeriph_Driver\src\stm32f0xx_cec.c 0x00000000   Number         0  stm32f0xx_cec.o ABSOLUTE
    Libraries\STM32F0xx_StdPeriph_Driver\src\stm32f0xx_comp.c 0x00000000   Number         0  stm32f0xx_comp.o ABSOLUTE
    Libraries\STM32F0xx_StdPeriph_Driver\src\stm32f0xx_crc.c 0x00000000   Number         0  stm32f0xx_crc.o ABSOLUTE
    Libraries\STM32F0xx_StdPeriph_Driver\src\stm32f0xx_dac.c 0x00000000   Number         0  stm32f0xx_dac.o ABSOLUTE
    Libraries\STM32F0xx_StdPeriph_Driver\src\stm32f0xx_dbgmcu.c 0x00000000   Number         0  stm32f0xx_dbgmcu.o ABSOLUTE
    Libraries\STM32F0xx_StdPeriph_Driver\src\stm32f0xx_dma.c 0x00000000   Number         0  stm32f0xx_dma.o ABSOLUTE
    Libraries\STM32F0xx_StdPeriph_Driver\src\stm32f0xx_exti.c 0x00000000   Number         0  stm32f0xx_exti.o ABSOLUTE
    Libraries\STM32F0xx_StdPeriph_Driver\src\stm32f0xx_flash.c 0x00000000   Number         0  stm32f0xx_flash.o ABSOLUTE
    Libraries\STM32F0xx_StdPeriph_Driver\src\stm32f0xx_gpio.c 0x00000000   Number         0  stm32f0xx_gpio.o ABSOLUTE
    Libraries\STM32F0xx_StdPeriph_Driver\src\stm32f0xx_i2c.c 0x00000000   Number         0  stm32f0xx_i2c.o ABSOLUTE
    Libraries\STM32F0xx_StdPeriph_Driver\src\stm32f0xx_iwdg.c 0x00000000   Number         0  stm32f0xx_iwdg.o ABSOLUTE
    Libraries\STM32F0xx_StdPeriph_Driver\src\stm32f0xx_misc.c 0x00000000   Number         0  stm32f0xx_misc.o ABSOLUTE
    Libraries\STM32F0xx_StdPeriph_Driver\src\stm32f0xx_pwr.c 0x00000000   Number         0  stm32f0xx_pwr.o ABSOLUTE
    Libraries\STM32F0xx_StdPeriph_Driver\src\stm32f0xx_rcc.c 0x00000000   Number         0  stm32f0xx_rcc.o ABSOLUTE
    Libraries\STM32F0xx_StdPeriph_Driver\src\stm32f0xx_rtc.c 0x00000000   Number         0  stm32f0xx_rtc.o ABSOLUTE
    Libraries\STM32F0xx_StdPeriph_Driver\src\stm32f0xx_spi.c 0x00000000   Number         0  stm32f0xx_spi.o ABSOLUTE
    Libraries\STM32F0xx_StdPeriph_Driver\src\stm32f0xx_syscfg.c 0x00000000   Number         0  stm32f0xx_syscfg.o ABSOLUTE
    Libraries\STM32F0xx_StdPeriph_Driver\src\stm32f0xx_tim.c 0x00000000   Number         0  stm32f0xx_tim.o ABSOLUTE
    Libraries\STM32F0xx_StdPeriph_Driver\src\stm32f0xx_usart.c 0x00000000   Number         0  stm32f0xx_usart.o ABSOLUTE
    Libraries\STM32F0xx_StdPeriph_Driver\src\stm32f0xx_wwdg.c 0x00000000   Number         0  stm32f0xx_wwdg.o ABSOLUTE
    Libraries\\STM32F0xx_StdPeriph_Driver\\src\\stm32f0xx_adc.c 0x00000000   Number         0  stm32f0xx_adc.o ABSOLUTE
    Libraries\\STM32F0xx_StdPeriph_Driver\\src\\stm32f0xx_cec.c 0x00000000   Number         0  stm32f0xx_cec.o ABSOLUTE
    Libraries\\STM32F0xx_StdPeriph_Driver\\src\\stm32f0xx_comp.c 0x00000000   Number         0  stm32f0xx_comp.o ABSOLUTE
    Libraries\\STM32F0xx_StdPeriph_Driver\\src\\stm32f0xx_crc.c 0x00000000   Number         0  stm32f0xx_crc.o ABSOLUTE
    Libraries\\STM32F0xx_StdPeriph_Driver\\src\\stm32f0xx_dac.c 0x00000000   Number         0  stm32f0xx_dac.o ABSOLUTE
    Libraries\\STM32F0xx_StdPeriph_Driver\\src\\stm32f0xx_dbgmcu.c 0x00000000   Number         0  stm32f0xx_dbgmcu.o ABSOLUTE
    Libraries\\STM32F0xx_StdPeriph_Driver\\src\\stm32f0xx_dma.c 0x00000000   Number         0  stm32f0xx_dma.o ABSOLUTE
    Libraries\\STM32F0xx_StdPeriph_Driver\\src\\stm32f0xx_exti.c 0x00000000   Number         0  stm32f0xx_exti.o ABSOLUTE
    Libraries\\STM32F0xx_StdPeriph_Driver\\src\\stm32f0xx_flash.c 0x00000000   Number         0  stm32f0xx_flash.o ABSOLUTE
    Libraries\\STM32F0xx_StdPeriph_Driver\\src\\stm32f0xx_gpio.c 0x00000000   Number         0  stm32f0xx_gpio.o ABSOLUTE
    Libraries\\STM32F0xx_StdPeriph_Driver\\src\\stm32f0xx_i2c.c 0x00000000   Number         0  stm32f0xx_i2c.o ABSOLUTE
    Libraries\\STM32F0xx_StdPeriph_Driver\\src\\stm32f0xx_iwdg.c 0x00000000   Number         0  stm32f0xx_iwdg.o ABSOLUTE
    Libraries\\STM32F0xx_StdPeriph_Driver\\src\\stm32f0xx_misc.c 0x00000000   Number         0  stm32f0xx_misc.o ABSOLUTE
    Libraries\\STM32F0xx_StdPeriph_Driver\\src\\stm32f0xx_pwr.c 0x00000000   Number         0  stm32f0xx_pwr.o ABSOLUTE
    Libraries\\STM32F0xx_StdPeriph_Driver\\src\\stm32f0xx_rcc.c 0x00000000   Number         0  stm32f0xx_rcc.o ABSOLUTE
    Libraries\\STM32F0xx_StdPeriph_Driver\\src\\stm32f0xx_rtc.c 0x00000000   Number         0  stm32f0xx_rtc.o ABSOLUTE
    Libraries\\STM32F0xx_StdPeriph_Driver\\src\\stm32f0xx_spi.c 0x00000000   Number         0  stm32f0xx_spi.o ABSOLUTE
    Libraries\\STM32F0xx_StdPeriph_Driver\\src\\stm32f0xx_syscfg.c 0x00000000   Number         0  stm32f0xx_syscfg.o ABSOLUTE
    Libraries\\STM32F0xx_StdPeriph_Driver\\src\\stm32f0xx_tim.c 0x00000000   Number         0  stm32f0xx_tim.o ABSOLUTE
    Libraries\\STM32F0xx_StdPeriph_Driver\\src\\stm32f0xx_usart.c 0x00000000   Number         0  stm32f0xx_usart.o ABSOLUTE
    Libraries\\STM32F0xx_StdPeriph_Driver\\src\\stm32f0xx_wwdg.c 0x00000000   Number         0  stm32f0xx_wwdg.o ABSOLUTE
    SRC\CM\HAL_CM1.c                         0x00000000   Number         0  hal_cm1.o ABSOLUTE
    SRC\CM\SVC_Table.s                       0x00000000   Number         0  svc_table.o ABSOLUTE
    SRC\CM\rt_Event.c                        0x00000000   Number         0  rt_event.o ABSOLUTE
    SRC\CM\rt_List.c                         0x00000000   Number         0  rt_list.o ABSOLUTE
    SRC\CM\rt_Mailbox.c                      0x00000000   Number         0  rt_mailbox.o ABSOLUTE
    SRC\CM\rt_MemBox.c                       0x00000000   Number         0  rt_membox.o ABSOLUTE
    SRC\CM\rt_Robin.c                        0x00000000   Number         0  rt_robin.o ABSOLUTE
    SRC\CM\rt_Semaphore.c                    0x00000000   Number         0  rt_semaphore.o ABSOLUTE
    SRC\CM\rt_System.c                       0x00000000   Number         0  rt_system.o ABSOLUTE
    SRC\CM\rt_Task.c                         0x00000000   Number         0  rt_task.o ABSOLUTE
    SRC\CM\rt_Time.c                         0x00000000   Number         0  rt_time.o ABSOLUTE
    SRC\CM\rt_Timer.c                        0x00000000   Number         0  rt_timer.o ABSOLUTE
    SRC\\CM\\HAL_CM1.c                       0x00000000   Number         0  hal_cm1.o ABSOLUTE
    SRC\\CM\\rt_System.c                     0x00000000   Number         0  rt_system.o ABSOLUTE
    User\RTX_Conf_CM.c                       0x00000000   Number         0  rtx_conf_cm.o ABSOLUTE
    User\Retarget.c                          0x00000000   Number         0  retarget.o ABSOLUTE
    User\\RTX_Conf_CM.c                      0x00000000   Number         0  rtx_conf_cm.o ABSOLUTE
    User\\Retarget.c                         0x00000000   Number         0  retarget.o ABSOLUTE
    User\\adc.c                              0x00000000   Number         0  adc.o ABSOLUTE
    User\\algorithm.c                        0x00000000   Number         0  algorithm.o ABSOLUTE
    User\\aux_task.c                         0x00000000   Number         0  aux_task.o ABSOLUTE
    User\\io.c                               0x00000000   Number         0  io.o ABSOLUTE
    User\\main.c                             0x00000000   Number         0  main.o ABSOLUTE
    User\\main_task.c                        0x00000000   Number         0  main_task.o ABSOLUTE
    User\\pwm.c                              0x00000000   Number         0  pwm.o ABSOLUTE
    User\\serial.c                           0x00000000   Number         0  serial.o ABSOLUTE
    User\\stm32f0xx_it.c                     0x00000000   Number         0  stm32f0xx_it.o ABSOLUTE
    User\\system_stm32f0xx.c                 0x00000000   Number         0  system_stm32f0xx.o ABSOLUTE
    User\\timer.c                            0x00000000   Number         0  timer.o ABSOLUTE
    User\adc.c                               0x00000000   Number         0  adc.o ABSOLUTE
    User\algorithm.c                         0x00000000   Number         0  algorithm.o ABSOLUTE
    User\aux_task.c                          0x00000000   Number         0  aux_task.o ABSOLUTE
    User\io.c                                0x00000000   Number         0  io.o ABSOLUTE
    User\main.c                              0x00000000   Number         0  main.o ABSOLUTE
    User\main_task.c                         0x00000000   Number         0  main_task.o ABSOLUTE
    User\pwm.c                               0x00000000   Number         0  pwm.o ABSOLUTE
    User\serial.c                            0x00000000   Number         0  serial.o ABSOLUTE
    User\stm32f0xx_it.c                      0x00000000   Number         0  stm32f0xx_it.o ABSOLUTE
    User\system_stm32f0xx.c                  0x00000000   Number         0  system_stm32f0xx.o ABSOLUTE
    User\timer.c                             0x00000000   Number         0  timer.o ABSOLUTE
    User\trace.c                             0x00000000   Number         0  trace.o ABSOLUTE
    cdrcmple.s                               0x00000000   Number         0  cdrcmple.o ABSOLUTE
    dc.s                                     0x00000000   Number         0  dc.o ABSOLUTE
    handlers.s                               0x00000000   Number         0  handlers.o ABSOLUTE
    init.s                                   0x00000000   Number         0  init.o ABSOLUTE
    RESET                                    0x08000000   Section      192  startup_stm32f030x8.o(RESET)
    .ARM.Collect$$$$00000000                 0x080000c0   Section        0  entry.o(.ARM.Collect$$$$00000000)
    .ARM.Collect$$$$00000001                 0x080000c0   Section        4  entry2.o(.ARM.Collect$$$$00000001)
    .ARM.Collect$$$$00000004                 0x080000c4   Section        4  entry5.o(.ARM.Collect$$$$00000004)
    .ARM.Collect$$$$00000008                 0x080000c8   Section        0  entry7b.o(.ARM.Collect$$$$00000008)
    .ARM.Collect$$$$0000000A                 0x080000c8   Section        0  entry8b.o(.ARM.Collect$$$$0000000A)
    .ARM.Collect$$$$0000000B                 0x080000c8   Section        8  entry9a.o(.ARM.Collect$$$$0000000B)
    .ARM.Collect$$$$0000000D                 0x080000d0   Section        0  entry10a.o(.ARM.Collect$$$$0000000D)
    .ARM.Collect$$$$0000000F                 0x080000d0   Section        0  entry11a.o(.ARM.Collect$$$$0000000F)
    .ARM.Collect$$$$00002712                 0x080000d0   Section        4  entry2.o(.ARM.Collect$$$$00002712)
    __lit__00000000                          0x080000d0   Data           4  entry2.o(.ARM.Collect$$$$00002712)
    .emb_text                                0x080000d4   Section      392  hal_cm1.o(.emb_text)
    .text                                    0x0800025c   Section       28  startup_stm32f030x8.o(.text)
    .text                                    0x08000278   Section        0  uidiv.o(.text)
    .text                                    0x080002a4   Section        0  __0sscanf.o(.text)
    .text                                    0x080002e0   Section        0  _scanf_int.o(.text)
    .text                                    0x0800042a   Section        0  fdiv.o(.text)
    .text                                    0x080004a8   Section        0  dadd.o(.text)
    .text                                    0x0800060c   Section        0  dmul.o(.text)
    .text                                    0x080006dc   Section        0  ddiv.o(.text)
    .text                                    0x080007cc   Section        0  ffltui.o(.text)
    .text                                    0x080007dc   Section        0  dfltui.o(.text)
    .text                                    0x080007f8   Section        0  ffixui.o(.text)
    .text                                    0x08000820   Section        0  dfixui.o(.text)
    .text                                    0x0800085c   Section        0  f2d.o(.text)
    .text                                    0x08000884   Section        0  d2f.o(.text)
    .text                                    0x080008bc   Section        0  llshl.o(.text)
    .text                                    0x080008dc   Section        0  llushr.o(.text)
    .text                                    0x080008fe   Section        0  llsshr.o(.text)
    .text                                    0x08000924   Section        0  _chval.o(.text)
    .text                                    0x08000944   Section        0  scanf_char.o(.text)
    _scanf_char_input                        0x08000945   Thumb Code    12  scanf_char.o(.text)
    .text                                    0x08000970   Section        0  _sgetc.o(.text)
    .text                                    0x080009b4   Section        0  fepilogue.o(.text)
    .text                                    0x080009b4   Section        0  iusefp.o(.text)
    .text                                    0x08000a36   Section        0  depilogue.o(.text)
    .text                                    0x08000af4   Section       36  init.o(.text)
    .text                                    0x08000b18   Section        0  isspace_c.o(.text)
    .text                                    0x08000b28   Section        0  _scanf.o(.text)
    .text                                    0x08000e60   Section        0  ctype_c.o(.text)
    SVC_TABLE                                0x08000e84   Section        4  svc_table.o(SVC_TABLE)
    i.ADC_ChannelConfig                      0x08000e88   Section        0  stm32f0xx_adc.o(i.ADC_ChannelConfig)
    i.ADC_Cmd                                0x08000e92   Section        0  stm32f0xx_adc.o(i.ADC_Cmd)
    i.ADC_DMACmd                             0x08000ea4   Section        0  stm32f0xx_adc.o(i.ADC_DMACmd)
    i.ADC_DMARequestModeConfig               0x08000eb8   Section        0  stm32f0xx_adc.o(i.ADC_DMARequestModeConfig)
    i.ADC_DeInit                             0x08000ec8   Section        0  stm32f0xx_adc.o(i.ADC_DeInit)
    i.ADC_GetCalibrationFactor               0x08000ee8   Section        0  stm32f0xx_adc.o(i.ADC_GetCalibrationFactor)
    i.ADC_GetFlagStatus                      0x08000f16   Section        0  stm32f0xx_adc.o(i.ADC_GetFlagStatus)
    i.ADC_Init                               0x08000f34   Section        0  stm32f0xx_adc.o(i.ADC_Init)
    i.ADC_StartOfConversion                  0x08000f60   Section        0  stm32f0xx_adc.o(i.ADC_StartOfConversion)
    i.ADC_StructInit                         0x08000f6a   Section        0  stm32f0xx_adc.o(i.ADC_StructInit)
    i.ADC_init                               0x08000f7c   Section        0  adc.o(i.ADC_init)
    i.DMA_ClearFlag                          0x0800106c   Section        0  stm32f0xx_dma.o(i.DMA_ClearFlag)
    i.DMA_Cmd                                0x08001078   Section        0  stm32f0xx_dma.o(i.DMA_Cmd)
    i.DMA_DeInit                             0x08001090   Section        0  stm32f0xx_dma.o(i.DMA_DeInit)
    i.DMA_GetFlagStatus                      0x080010fc   Section        0  stm32f0xx_dma.o(i.DMA_GetFlagStatus)
    i.DMA_Init                               0x08001110   Section        0  stm32f0xx_dma.o(i.DMA_Init)
    i.GPIO_Init                              0x0800114c   Section        0  stm32f0xx_gpio.o(i.GPIO_Init)
    i.GPIO_PinAFConfig                       0x080011bc   Section        0  stm32f0xx_gpio.o(i.GPIO_PinAFConfig)
    i.GPIO_ResetBits                         0x080011dc   Section        0  stm32f0xx_gpio.o(i.GPIO_ResetBits)
    i.GPIO_SetBits                           0x080011e0   Section        0  stm32f0xx_gpio.o(i.GPIO_SetBits)
    i.GPIO_StructInit                        0x080011e4   Section        0  stm32f0xx_gpio.o(i.GPIO_StructInit)
    i.HV_en                                  0x080011fc   Section        0  io.o(i.HV_en)
    i.HV_ref_init                            0x0800121c   Section        0  pwm.o(i.HV_ref_init)
    i.HV_set                                 0x080012d8   Section        0  pwm.o(i.HV_set)
    i.HardFault_Handler                      0x08001304   Section        0  stm32f0xx_it.o(i.HardFault_Handler)
    i.IO_init                                0x08001308   Section        0  io.o(i.IO_init)
    i.NMI_Handler                            0x0800137c   Section        0  stm32f0xx_it.o(i.NMI_Handler)
    i.NVIC_Init                              0x08001380   Section        0  stm32f0xx_misc.o(i.NVIC_Init)
    i.RCC_AHBPeriphClockCmd                  0x080013d0   Section        0  stm32f0xx_rcc.o(i.RCC_AHBPeriphClockCmd)
    i.RCC_APB1PeriphClockCmd                 0x080013e8   Section        0  stm32f0xx_rcc.o(i.RCC_APB1PeriphClockCmd)
    i.RCC_APB2PeriphClockCmd                 0x08001400   Section        0  stm32f0xx_rcc.o(i.RCC_APB2PeriphClockCmd)
    i.RCC_APB2PeriphResetCmd                 0x08001418   Section        0  stm32f0xx_rcc.o(i.RCC_APB2PeriphResetCmd)
    i.RCC_GetClocksFreq                      0x08001430   Section        0  stm32f0xx_rcc.o(i.RCC_GetClocksFreq)
    i.SetSysClock                            0x08001518   Section        0  system_stm32f0xx.o(i.SetSysClock)
    SetSysClock                              0x08001519   Thumb Code    86  system_stm32f0xx.o(i.SetSysClock)
    i.SystemInit                             0x08001578   Section        0  system_stm32f0xx.o(i.SystemInit)
    i.TIM2_Config                            0x080015d8   Section        0  timer.o(i.TIM2_Config)
    i.TIM3_Config                            0x0800162c   Section        0  timer.o(i.TIM3_Config)
    i.TIM3_IRQHandler                        0x080016cc   Section        0  stm32f0xx_it.o(i.TIM3_IRQHandler)
    i.TIM_ClearITPendingBit                  0x08001704   Section        0  stm32f0xx_tim.o(i.TIM_ClearITPendingBit)
    i.TIM_Cmd                                0x0800170a   Section        0  stm32f0xx_tim.o(i.TIM_Cmd)
    i.TIM_CtrlPWMOutputs                     0x0800171e   Section        0  stm32f0xx_tim.o(i.TIM_CtrlPWMOutputs)
    i.TIM_GetCapture3                        0x08001736   Section        0  stm32f0xx_tim.o(i.TIM_GetCapture3)
    i.TIM_GetCounter                         0x0800173a   Section        0  stm32f0xx_tim.o(i.TIM_GetCounter)
    i.TIM_ITConfig                           0x0800173e   Section        0  stm32f0xx_tim.o(i.TIM_ITConfig)
    i.TIM_OC1Init                            0x08001750   Section        0  stm32f0xx_tim.o(i.TIM_OC1Init)
    i.TIM_OC3Init                            0x080017cc   Section        0  stm32f0xx_tim.o(i.TIM_OC3Init)
    i.TIM_OC3PreloadConfig                   0x08001854   Section        0  stm32f0xx_tim.o(i.TIM_OC3PreloadConfig)
    i.TIM_PrescalerConfig                    0x08001860   Section        0  stm32f0xx_tim.o(i.TIM_PrescalerConfig)
    i.TIM_SetCompare3                        0x08001866   Section        0  stm32f0xx_tim.o(i.TIM_SetCompare3)
    i.TIM_SetCounter                         0x0800186a   Section        0  stm32f0xx_tim.o(i.TIM_SetCounter)
    i.TIM_TimeBaseInit                       0x08001870   Section        0  stm32f0xx_tim.o(i.TIM_TimeBaseInit)
    i.UART1_Init                             0x080018e4   Section        0  serial.o(i.UART1_Init)
    UART1_Init                               0x080018e5   Thumb Code   140  serial.o(i.UART1_Init)
    i.USART1_IRQHandler                      0x08001978   Section        0  serial.o(i.USART1_IRQHandler)
    i.USART_ClearITPendingBit                0x080019ec   Section        0  stm32f0xx_usart.o(i.USART_ClearITPendingBit)
    i.USART_Cmd                              0x080019f6   Section        0  stm32f0xx_usart.o(i.USART_Cmd)
    i.USART_GetFlagStatus                    0x08001a0a   Section        0  stm32f0xx_usart.o(i.USART_GetFlagStatus)
    i.USART_GetITStatus                      0x08001a18   Section        0  stm32f0xx_usart.o(i.USART_GetITStatus)
    i.USART_ITConfig                         0x08001a50   Section        0  stm32f0xx_usart.o(i.USART_ITConfig)
    i.USART_Init                             0x08001a7c   Section        0  stm32f0xx_usart.o(i.USART_Init)
    i.USART_ReceiveData                      0x08001b08   Section        0  stm32f0xx_usart.o(i.USART_ReceiveData)
    i.USART_SendData                         0x08001b10   Section        0  stm32f0xx_usart.o(i.USART_SendData)
    i.__0printf$1                            0x08001b18   Section        0  printf1.o(i.__0printf$1)
    i.__0sprintf$1                           0x08001b38   Section        0  printf1.o(i.__0sprintf$1)
    i.__ARM_clz                              0x08001b60   Section        0  depilogue.o(i.__ARM_clz)
    i.__scatterload_copy                     0x08001b8e   Section       14  handlers.o(i.__scatterload_copy)
    i.__scatterload_null                     0x08001b9c   Section        2  handlers.o(i.__scatterload_null)
    i.__scatterload_zeroinit                 0x08001b9e   Section       14  handlers.o(i.__scatterload_zeroinit)
    i._init_box                              0x08001bac   Section        0  rt_membox.o(i._init_box)
    i._printf_core                           0x08001bf4   Section        0  printf1.o(i._printf_core)
    _printf_core                             0x08001bf5   Thumb Code   332  printf1.o(i._printf_core)
    i._sputc                                 0x08001d44   Section        0  printf1.o(i._sputc)
    _sputc                                   0x08001d45   Thumb Code    10  printf1.o(i._sputc)
    i.aux_task                               0x08001d50   Section        0  aux_task.o(i.aux_task)
    i.available_fcn                          0x08001d64   Section        0  serial.o(i.available_fcn)
    i.begin_fcn                              0x08001d70   Section        0  serial.o(i.begin_fcn)
    i.closed_loop                            0x08001d84   Section        0  algorithm.o(i.closed_loop)
    i.delay_us                               0x08001dd0   Section        0  algorithm.o(i.delay_us)
    i.drive_transition                       0x08001dec   Section        0  main_task.o(i.drive_transition)
    i.flush_fcn                              0x08001e54   Section        0  serial.o(i.flush_fcn)
    i.fputc                                  0x08001e6c   Section        0  retarget.o(i.fputc)
    i.get_capacitance                        0x08001e78   Section        0  adc.o(i.get_capacitance)
    i.init                                   0x08001eac   Section        0  main.o(i.init)
    i.main                                   0x08001f00   Section        0  main.o(i.main)
    i.main_task                              0x08001f34   Section        0  main_task.o(i.main_task)
    i.mirror_drive_en                        0x08001f70   Section        0  io.o(i.mirror_drive_en)
    i.os_error                               0x08001f90   Section        0  rtx_conf_cm.o(i.os_error)
    i.os_idle_demon                          0x08001ffc   Section        0  rtx_conf_cm.o(i.os_idle_demon)
    i.os_tick_init                           0x08002000   Section        0  rt_system.o(i.os_tick_init)
    i.os_tick_irqack                         0x0800202c   Section        0  rt_system.o(i.os_tick_irqack)
    i.os_tmr_call                            0x0800202e   Section        0  rtx_conf_cm.o(i.os_tmr_call)
    i.peek_fcn                               0x08002030   Section        0  serial.o(i.peek_fcn)
    i.print_fcn                              0x08002044   Section        0  serial.o(i.print_fcn)
    i.println_fcn                            0x08002058   Section        0  serial.o(i.println_fcn)
    i.process_input                          0x0800206c   Section        0  aux_task.o(i.process_input)
    i.putchar                                0x080020fc   Section        0  serial.o(i.putchar)
    i.read_fcn                               0x08002120   Section        0  serial.o(i.read_fcn)
    i.rt_alloc_box                           0x08002150   Section        0  rt_membox.o(i.rt_alloc_box)
    i.rt_block                               0x08002170   Section        0  rt_task.o(i.rt_block)
    i.rt_chk_robin                           0x080021a8   Section        0  rt_robin.o(i.rt_chk_robin)
    i.rt_dec_dly                             0x080021ec   Section        0  rt_list.o(i.rt_dec_dly)
    i.rt_dispatch                            0x08002264   Section        0  rt_task.o(i.rt_dispatch)
    i.rt_dly_wait                            0x080022a4   Section        0  rt_time.o(i.rt_dly_wait)
    i.rt_evt_psh                             0x080022b0   Section        0  rt_event.o(i.rt_evt_psh)
    i.rt_free_box                            0x080022fc   Section        0  rt_membox.o(i.rt_free_box)
    i.rt_get_first                           0x08002322   Section        0  rt_list.o(i.rt_get_first)
    i.rt_init_context                        0x0800234c   Section        0  rt_task.o(i.rt_init_context)
    rt_init_context                          0x0800234d   Thumb Code    68  rt_task.o(i.rt_init_context)
    i.rt_init_robin                          0x08002394   Section        0  rt_robin.o(i.rt_init_robin)
    i.rt_init_stack                          0x080023ac   Section        0  hal_cm1.o(i.rt_init_stack)
    i.rt_mbx_psh                             0x080023f8   Section        0  rt_mailbox.o(i.rt_mbx_psh)
    i.rt_pop_req                             0x080024ac   Section        0  rt_system.o(i.rt_pop_req)
    i.rt_put_dly                             0x0800251c   Section        0  rt_list.o(i.rt_put_dly)
    i.rt_put_prio                            0x0800256c   Section        0  rt_list.o(i.rt_put_prio)
    i.rt_put_rdy_first                       0x080025a8   Section        0  rt_list.o(i.rt_put_rdy_first)
    i.rt_rmv_dly                             0x080025bc   Section        0  rt_list.o(i.rt_rmv_dly)
    i.rt_rmv_list                            0x080025e8   Section        0  rt_list.o(i.rt_rmv_list)
    i.rt_sem_psh                             0x0800261c   Section        0  rt_semaphore.o(i.rt_sem_psh)
    i.rt_stk_check                           0x08002650   Section        0  rt_system.o(i.rt_stk_check)
    i.rt_switch_req                          0x08002678   Section        0  rt_task.o(i.rt_switch_req)
    i.rt_sys_init                            0x08002688   Section        0  rt_task.o(i.rt_sys_init)
    i.rt_systick                             0x080027c0   Section        0  rt_system.o(i.rt_systick)
    i.rt_tmr_tick                            0x080027fc   Section        0  rt_timer.o(i.rt_tmr_tick)
    i.rt_tsk_create                          0x0800283c   Section        0  rt_task.o(i.rt_tsk_create)
    i.rt_tsk_delete                          0x080028b8   Section        0  rt_task.o(i.rt_tsk_delete)
    i.set_duty_cycle                         0x080029f8   Section        0  pwm.o(i.set_duty_cycle)
    i.startup_seq                            0x08002a28   Section        0  algorithm.o(i.startup_seq)
    i.write_fcn                              0x08002af0   Section        0  serial.o(i.write_fcn)
    .constdata                               0x08002af8   Section        2  rtx_conf_cm.o(.constdata)
    .constdata                               0x08002afc   Section        4  rtx_conf_cm.o(.constdata)
    .constdata                               0x08002b00   Section        4  rtx_conf_cm.o(.constdata)
    .constdata                               0x08002b04   Section        4  rtx_conf_cm.o(.constdata)
    .constdata                               0x08002b08   Section        1  rtx_conf_cm.o(.constdata)
    .constdata                               0x08002b0c   Section        8  rtx_conf_cm.o(.constdata)
    __tagsym$$used                           0x08002b0c   Number         0  rtx_conf_cm.o(.constdata)
    __tagsym$$used                           0x08002b10   Number         0  rtx_conf_cm.o(.constdata)
    .constdata                               0x08002b14   Section        2  rtx_conf_cm.o(.constdata)
    .constdata                               0x08002b18   Section        4  rtx_conf_cm.o(.constdata)
    .constdata                               0x08002b1c   Section        1  rtx_conf_cm.o(.constdata)
    .constdata                               0x08002b1e   Section        2  rtx_conf_cm.o(.constdata)
    .constdata                               0x08002b20   Section        4  rt_system.o(.constdata)
    __tagsym$$used                           0x08002b20   Number         0  rt_system.o(.constdata)
    .constdata                               0x08002b24   Section       64  ctype_c.o(.constdata)
    .data                                    0x20000000   Section       16  stm32f0xx_rcc.o(.data)
    APBAHBPrescTable                         0x20000000   Data          16  stm32f0xx_rcc.o(.data)
    .data                                    0x20000010   Section        2  stm32f0xx_it.o(.data)
    .data                                    0x20000014   Section       20  system_stm32f0xx.o(.data)
    .data                                    0x20000028   Section       64  serial.o(.data)
    rcv_buff_full                            0x20000028   Data           1  serial.o(.data)
    nb_rcv_buff_char                         0x2000002a   Data           2  serial.o(.data)
    rcv_buff_overload                        0x2000002c   Data           2  serial.o(.data)
    pt_rcv_read                              0x20000030   Data           4  serial.o(.data)
    pt_rcv_write                             0x20000034   Data           4  serial.o(.data)
    USARTx                                   0x20000038   Data           4  serial.o(.data)
    rcv_buff                                 0x2000003c   Data           8  serial.o(.data)
    .data                                    0x20000068   Section        4  rtx_conf_cm.o(.data)
    .data                                    0x2000006c   Section        4  retarget.o(.data)
    .data                                    0x20000070   Section        4  pwm.o(.data)
    .data                                    0x20000074   Section        6  timer.o(.data)
    .data                                    0x2000007c   Section        4  aux_task.o(.data)
    val                                      0x2000007c   Data           4  aux_task.o(.data)
    .data                                    0x20000080   Section        4  aux_task.o(.data)
    .data                                    0x20000084   Section        4  main_task.o(.data)
    .data                                    0x20000088   Section        4  main_task.o(.data)
    .data                                    0x2000008c   Section       24  algorithm.o(.data)
    .data                                    0x200000a4   Section        8  rt_task.o(.data)
    .data                                    0x200000ac   Section        4  rt_time.o(.data)
    .data                                    0x200000b0   Section        8  rt_system.o(.data)
    os_lock                                  0x200000b0   Data           1  rt_system.o(.data)
    os_psh_flag                              0x200000b1   Data           1  rt_system.o(.data)
    pend_flags                               0x200000b2   Data           1  rt_system.o(.data)
    .data                                    0x200000b8   Section        8  rt_robin.o(.data)
    .data                                    0x200000c0   Section        8  rt_timer.o(.data)
    .bss                                     0x200000c8   Section      236  rtx_conf_cm.o(.bss)
    .bss                                     0x200001b8   Section      272  rtx_conf_cm.o(.bss)
    .bss                                     0x200002c8   Section      132  rtx_conf_cm.o(.bss)
    .bss                                     0x2000034c   Section       16  rtx_conf_cm.o(.bss)
    .bss                                     0x2000035c   Section       20  rtx_conf_cm.o(.bss)
    .bss                                     0x20000370   Section      100  adc.o(.bss)
    .bss                                     0x200003d4   Section       64  pwm.o(.bss)
    .bss                                     0x20000414   Section       60  aux_task.o(.bss)
    cmd                                      0x20000414   Data          10  aux_task.o(.bss)
    .bss                                     0x20000450   Section      400  aux_task.o(.bss)
    .bss                                     0x200005e0   Section      400  main_task.o(.bss)
    .bss                                     0x20000770   Section       56  rt_task.o(.bss)
    .bss                                     0x200007a8   Section       48  rt_list.o(.bss)
    STACK                                    0x200007d8   Section     1024  startup_stm32f030x8.o(STACK)

    Global Symbols

    Symbol Name                              Value     Ov Type        Size  Object(Section)

    BuildAttributes$$THM_ISAv3M$S$PE$A:L22$X:L11$S22$IEEE1$IW$USESV6$~STKCKD$USESV7$~SHL$OTIME$ROPI$EBA8$MICROLIB$REQ8$PRES8$EABIv2 0x00000000   Number         0  anon$$obj.o ABSOLUTE
    __ARM_use_no_argv                        0x00000000   Number         0  main.o ABSOLUTE
    __use_no_errno                           0x00000000   Number         0  useno.o ABSOLUTE
    __use_no_exception_handling              0x00000000   Number         0  useno.o ABSOLUTE
    __use_no_fp                              0x00000000   Number         0  useno.o ABSOLUTE
    __use_no_heap                            0x00000000   Number         0  useno.o ABSOLUTE
    __use_no_heap_region                     0x00000000   Number         0  useno.o ABSOLUTE
    __use_no_semihosting                     0x00000000   Number         0  useno.o ABSOLUTE
    __use_no_semihosting_swi                 0x00000000   Number         0  useno.o ABSOLUTE
    __use_no_signal_handling                 0x00000000   Number         0  useno.o ABSOLUTE
    _printf_a                                0x00000000   Number         0  stubs.o ABSOLUTE
    _printf_c                                0x00000000   Number         0  stubs.o ABSOLUTE
    _printf_charcount                        0x00000000   Number         0  stubs.o ABSOLUTE
    _printf_d                                0x00000000   Number         0  stubs.o ABSOLUTE
    _printf_e                                0x00000000   Number         0  stubs.o ABSOLUTE
    _printf_f                                0x00000000   Number         0  stubs.o ABSOLUTE
    _printf_flags                            0x00000000   Number         0  stubs.o ABSOLUTE
    _printf_fp_dec                           0x00000000   Number         0  stubs.o ABSOLUTE
    _printf_fp_hex                           0x00000000   Number         0  stubs.o ABSOLUTE
    _printf_g                                0x00000000   Number         0  stubs.o ABSOLUTE
    _printf_i                                0x00000000   Number         0  stubs.o ABSOLUTE
    _printf_int_dec                          0x00000000   Number         0  stubs.o ABSOLUTE
    _printf_l                                0x00000000   Number         0  stubs.o ABSOLUTE
    _printf_lc                               0x00000000   Number         0  stubs.o ABSOLUTE
    _printf_ll                               0x00000000   Number         0  stubs.o ABSOLUTE
    _printf_lld                              0x00000000   Number         0  stubs.o ABSOLUTE
    _printf_lli                              0x00000000   Number         0  stubs.o ABSOLUTE
    _printf_llo                              0x00000000   Number         0  stubs.o ABSOLUTE
    _printf_llu                              0x00000000   Number         0  stubs.o ABSOLUTE
    _printf_llx                              0x00000000   Number         0  stubs.o ABSOLUTE
    _printf_longlong_dec                     0x00000000   Number         0  stubs.o ABSOLUTE
    _printf_longlong_hex                     0x00000000   Number         0  stubs.o ABSOLUTE
    _printf_longlong_oct                     0x00000000   Number         0  stubs.o ABSOLUTE
    _printf_ls                               0x00000000   Number         0  stubs.o ABSOLUTE
    _printf_mbtowc                           0x00000000   Number         0  stubs.o ABSOLUTE
    _printf_n                                0x00000000   Number         0  stubs.o ABSOLUTE
    _printf_o                                0x00000000   Number         0  stubs.o ABSOLUTE
    _printf_p                                0x00000000   Number         0  stubs.o ABSOLUTE
    _printf_percent                          0x00000000   Number         0  stubs.o ABSOLUTE
    _printf_pre_padding                      0x00000000   Number         0  stubs.o ABSOLUTE
    _printf_return_value                     0x00000000   Number         0  stubs.o ABSOLUTE
    _printf_s                                0x00000000   Number         0  stubs.o ABSOLUTE
    _printf_sizespec                         0x00000000   Number         0  stubs.o ABSOLUTE
    _printf_str                              0x00000000   Number         0  stubs.o ABSOLUTE
    _printf_truncate_signed                  0x00000000   Number         0  stubs.o ABSOLUTE
    _printf_truncate_unsigned                0x00000000   Number         0  stubs.o ABSOLUTE
    _printf_u                                0x00000000   Number         0  stubs.o ABSOLUTE
    _printf_wc                               0x00000000   Number         0  stubs.o ABSOLUTE
    _printf_wctomb                           0x00000000   Number         0  stubs.o ABSOLUTE
    _printf_widthprec                        0x00000000   Number         0  stubs.o ABSOLUTE
    _printf_x                                0x00000000   Number         0  stubs.o ABSOLUTE
    __cpp_initialize__aeabi_                  - Undefined Weak Reference
    __cxa_finalize                            - Undefined Weak Reference
    __decompress                              - Undefined Weak Reference
    _clock_init                               - Undefined Weak Reference
    _microlib_exit                            - Undefined Weak Reference
    _scanf_longlong                           - Undefined Weak Reference
    _scanf_real                               - Undefined Weak Reference
    _scanf_string                             - Undefined Weak Reference
    __Vectors_Size                           0x000000c0   Number         0  startup_stm32f030x8.o ABSOLUTE
    __RL_RTX_VER                             0x00000474   Number         0  rt_system.o ABSOLUTE
    __Vectors                                0x08000000   Data           4  startup_stm32f030x8.o(RESET)
    __Vectors_End                            0x080000c0   Data           0  startup_stm32f030x8.o(RESET)
    __main                                   0x080000c1   Thumb Code     0  entry.o(.ARM.Collect$$$$00000000)
    _main_stk                                0x080000c1   Thumb Code     0  entry2.o(.ARM.Collect$$$$00000001)
    _main_scatterload                        0x080000c5   Thumb Code     0  entry5.o(.ARM.Collect$$$$00000004)
    __main_after_scatterload                 0x080000c9   Thumb Code     0  entry5.o(.ARM.Collect$$$$00000004)
    _main_clock                              0x080000c9   Thumb Code     0  entry7b.o(.ARM.Collect$$$$00000008)
    _main_cpp_init                           0x080000c9   Thumb Code     0  entry8b.o(.ARM.Collect$$$$0000000A)
    _main_init                               0x080000c9   Thumb Code     0  entry9a.o(.ARM.Collect$$$$0000000B)
    __rt_final_cpp                           0x080000d1   Thumb Code     0  entry10a.o(.ARM.Collect$$$$0000000D)
    __rt_final_exit                          0x080000d1   Thumb Code     0  entry11a.o(.ARM.Collect$$$$0000000F)
    rt_set_PSP                               0x080000d5   Thumb Code     6  hal_cm1.o(.emb_text)
    rt_get_PSP                               0x080000db   Thumb Code     6  hal_cm1.o(.emb_text)
    os_set_env                               0x080000e1   Thumb Code    32  hal_cm1.o(.emb_text)
    _alloc_box                               0x08000105   Thumb Code    28  hal_cm1.o(.emb_text)
    _free_box                                0x08000125   Thumb Code    28  hal_cm1.o(.emb_text)
    SVC_Handler                              0x08000145   Thumb Code   152  hal_cm1.o(.emb_text)
    PendSV_Handler                           0x080001e9   Thumb Code    92  hal_cm1.o(.emb_text)
    SysTick_Handler                          0x08000249   Thumb Code     8  hal_cm1.o(.emb_text)
    OS_Tick_Handler                          0x08000251   Thumb Code    12  hal_cm1.o(.emb_text)
    Reset_Handler                            0x0800025d   Thumb Code     8  startup_stm32f030x8.o(.text)
    ADC1_COMP_IRQHandler                     0x0800026f   Thumb Code     0  startup_stm32f030x8.o(.text)
    CEC_IRQHandler                           0x0800026f   Thumb Code     0  startup_stm32f030x8.o(.text)
    DMA1_Channel1_IRQHandler                 0x0800026f   Thumb Code     0  startup_stm32f030x8.o(.text)
    DMA1_Channel2_3_IRQHandler               0x0800026f   Thumb Code     0  startup_stm32f030x8.o(.text)
    DMA1_Channel4_5_IRQHandler               0x0800026f   Thumb Code     0  startup_stm32f030x8.o(.text)
    EXTI0_1_IRQHandler                       0x0800026f   Thumb Code     0  startup_stm32f030x8.o(.text)
    EXTI2_3_IRQHandler                       0x0800026f   Thumb Code     0  startup_stm32f030x8.o(.text)
    EXTI4_15_IRQHandler                      0x0800026f   Thumb Code     0  startup_stm32f030x8.o(.text)
    FLASH_IRQHandler                         0x0800026f   Thumb Code     0  startup_stm32f030x8.o(.text)
    I2C1_IRQHandler                          0x0800026f   Thumb Code     0  startup_stm32f030x8.o(.text)
    I2C2_IRQHandler                          0x0800026f   Thumb Code     0  startup_stm32f030x8.o(.text)
    PVD_IRQHandler                           0x0800026f   Thumb Code     0  startup_stm32f030x8.o(.text)
    RCC_IRQHandler                           0x0800026f   Thumb Code     0  startup_stm32f030x8.o(.text)
    RTC_IRQHandler                           0x0800026f   Thumb Code     0  startup_stm32f030x8.o(.text)
    SPI1_IRQHandler                          0x0800026f   Thumb Code     0  startup_stm32f030x8.o(.text)
    SPI2_IRQHandler                          0x0800026f   Thumb Code     0  startup_stm32f030x8.o(.text)
    TIM14_IRQHandler                         0x0800026f   Thumb Code     0  startup_stm32f030x8.o(.text)
    TIM15_IRQHandler                         0x0800026f   Thumb Code     0  startup_stm32f030x8.o(.text)
    TIM16_IRQHandler                         0x0800026f   Thumb Code     0  startup_stm32f030x8.o(.text)
    TIM17_IRQHandler                         0x0800026f   Thumb Code     0  startup_stm32f030x8.o(.text)
    TIM1_BRK_UP_TRG_COM_IRQHandler           0x0800026f   Thumb Code     0  startup_stm32f030x8.o(.text)
    TIM1_CC_IRQHandler                       0x0800026f   Thumb Code     0  startup_stm32f030x8.o(.text)
    TIM2_IRQHandler                          0x0800026f   Thumb Code     0  startup_stm32f030x8.o(.text)
    TIM6_DAC_IRQHandler                      0x0800026f   Thumb Code     0  startup_stm32f030x8.o(.text)
    TS_IRQHandler                            0x0800026f   Thumb Code     0  startup_stm32f030x8.o(.text)
    USART2_IRQHandler                        0x0800026f   Thumb Code     0  startup_stm32f030x8.o(.text)
    WWDG_IRQHandler                          0x0800026f   Thumb Code     0  startup_stm32f030x8.o(.text)
    __aeabi_uidiv                            0x08000279   Thumb Code     0  uidiv.o(.text)
    __aeabi_uidivmod                         0x08000279   Thumb Code    44  uidiv.o(.text)
    __0sscanf                                0x080002a5   Thumb Code    50  __0sscanf.o(.text)
    _scanf_int                               0x080002e1   Thumb Code   330  _scanf_int.o(.text)
    __aeabi_fdiv                             0x0800042b   Thumb Code   124  fdiv.o(.text)
    __aeabi_dadd                             0x080004a9   Thumb Code   328  dadd.o(.text)
    __aeabi_dsub                             0x080005f1   Thumb Code    12  dadd.o(.text)
    __aeabi_drsub                            0x080005fd   Thumb Code    12  dadd.o(.text)
    __aeabi_dmul                             0x0800060d   Thumb Code   202  dmul.o(.text)
    __aeabi_ddiv                             0x080006dd   Thumb Code   234  ddiv.o(.text)
    __aeabi_ui2f                             0x080007cd   Thumb Code    14  ffltui.o(.text)
    __aeabi_ui2d                             0x080007dd   Thumb Code    24  dfltui.o(.text)
    __aeabi_f2uiz                            0x080007f9   Thumb Code    40  ffixui.o(.text)
    __aeabi_d2uiz                            0x08000821   Thumb Code    50  dfixui.o(.text)
    __aeabi_f2d                              0x0800085d   Thumb Code    40  f2d.o(.text)
    __aeabi_d2f                              0x08000885   Thumb Code    56  d2f.o(.text)
    __aeabi_llsl                             0x080008bd   Thumb Code    32  llshl.o(.text)
    _ll_shift_l                              0x080008bd   Thumb Code     0  llshl.o(.text)
    __aeabi_llsr                             0x080008dd   Thumb Code    34  llushr.o(.text)
    _ll_ushift_r                             0x080008dd   Thumb Code     0  llushr.o(.text)
    __aeabi_lasr                             0x080008ff   Thumb Code    38  llsshr.o(.text)
    _ll_sshift_r                             0x080008ff   Thumb Code     0  llsshr.o(.text)
    _chval                                   0x08000925   Thumb Code    30  _chval.o(.text)
    __vfscanf_char                           0x08000951   Thumb Code    24  scanf_char.o(.text)
    _sgetc                                   0x08000971   Thumb Code    32  _sgetc.o(.text)
    _sbackspace                              0x08000991   Thumb Code    36  _sgetc.o(.text)
    __I$use$fp                               0x080009b5   Thumb Code     0  iusefp.o(.text)
    _float_round                             0x080009b5   Thumb Code    16  fepilogue.o(.text)
    _float_epilogue                          0x080009c5   Thumb Code   114  fepilogue.o(.text)
    _double_round                            0x08000a37   Thumb Code    26  depilogue.o(.text)
    _double_epilogue                         0x08000a51   Thumb Code   164  depilogue.o(.text)
    __scatterload                            0x08000af5   Thumb Code    28  init.o(.text)
    __scatterload_rt2                        0x08000af5   Thumb Code     0  init.o(.text)
    isspace                                  0x08000b19   Thumb Code    14  isspace_c.o(.text)
    __vfscanf                                0x08000b29   Thumb Code   812  _scanf.o(.text)
    __ctype_lookup                           0x08000e61   Thumb Code    32  ctype_c.o(.text)
    SVC_Count                                0x08000e84   Data           4  svc_table.o(SVC_TABLE)
    ADC_ChannelConfig                        0x08000e89   Thumb Code    10  stm32f0xx_adc.o(i.ADC_ChannelConfig)
    SVC_Table                                0x08000e88   Data           0  svc_table.o(SVC_TABLE)
    ADC_Cmd                                  0x08000e93   Thumb Code    18  stm32f0xx_adc.o(i.ADC_Cmd)
    ADC_DMACmd                               0x08000ea5   Thumb Code    20  stm32f0xx_adc.o(i.ADC_DMACmd)
    ADC_DMARequestModeConfig                 0x08000eb9   Thumb Code    16  stm32f0xx_adc.o(i.ADC_DMARequestModeConfig)
    ADC_DeInit                               0x08000ec9   Thumb Code    28  stm32f0xx_adc.o(i.ADC_DeInit)
    ADC_GetCalibrationFactor                 0x08000ee9   Thumb Code    46  stm32f0xx_adc.o(i.ADC_GetCalibrationFactor)
    ADC_GetFlagStatus                        0x08000f17   Thumb Code    28  stm32f0xx_adc.o(i.ADC_GetFlagStatus)
    ADC_Init                                 0x08000f35   Thumb Code    38  stm32f0xx_adc.o(i.ADC_Init)
    ADC_StartOfConversion                    0x08000f61   Thumb Code    10  stm32f0xx_adc.o(i.ADC_StartOfConversion)
    ADC_StructInit                           0x08000f6b   Thumb Code    16  stm32f0xx_adc.o(i.ADC_StructInit)
    ADC_init                                 0x08000f7d   Thumb Code   222  adc.o(i.ADC_init)
    DMA_ClearFlag                            0x0800106d   Thumb Code     6  stm32f0xx_dma.o(i.DMA_ClearFlag)
    DMA_Cmd                                  0x08001079   Thumb Code    20  stm32f0xx_dma.o(i.DMA_Cmd)
    DMA_DeInit                               0x08001091   Thumb Code   100  stm32f0xx_dma.o(i.DMA_DeInit)
    DMA_GetFlagStatus                        0x080010fd   Thumb Code    16  stm32f0xx_dma.o(i.DMA_GetFlagStatus)
    DMA_Init                                 0x08001111   Thumb Code    56  stm32f0xx_dma.o(i.DMA_Init)
    GPIO_Init                                0x0800114d   Thumb Code   112  stm32f0xx_gpio.o(i.GPIO_Init)
    GPIO_PinAFConfig                         0x080011bd   Thumb Code    32  stm32f0xx_gpio.o(i.GPIO_PinAFConfig)
    GPIO_ResetBits                           0x080011dd   Thumb Code     4  stm32f0xx_gpio.o(i.GPIO_ResetBits)
    GPIO_SetBits                             0x080011e1   Thumb Code     4  stm32f0xx_gpio.o(i.GPIO_SetBits)
    GPIO_StructInit                          0x080011e5   Thumb Code    18  stm32f0xx_gpio.o(i.GPIO_StructInit)
    HV_en                                    0x080011fd   Thumb Code    26  io.o(i.HV_en)
    HV_ref_init                              0x0800121d   Thumb Code   172  pwm.o(i.HV_ref_init)
    HV_set                                   0x080012d9   Thumb Code    34  pwm.o(i.HV_set)
    HardFault_Handler                        0x08001305   Thumb Code     2  stm32f0xx_it.o(i.HardFault_Handler)
    IO_init                                  0x08001309   Thumb Code   108  io.o(i.IO_init)
    NMI_Handler                              0x0800137d   Thumb Code     2  stm32f0xx_it.o(i.NMI_Handler)
    NVIC_Init                                0x08001381   Thumb Code    70  stm32f0xx_misc.o(i.NVIC_Init)
    RCC_AHBPeriphClockCmd                    0x080013d1   Thumb Code    18  stm32f0xx_rcc.o(i.RCC_AHBPeriphClockCmd)
    RCC_APB1PeriphClockCmd                   0x080013e9   Thumb Code    18  stm32f0xx_rcc.o(i.RCC_APB1PeriphClockCmd)
    RCC_APB2PeriphClockCmd                   0x08001401   Thumb Code    18  stm32f0xx_rcc.o(i.RCC_APB2PeriphClockCmd)
    RCC_APB2PeriphResetCmd                   0x08001419   Thumb Code    18  stm32f0xx_rcc.o(i.RCC_APB2PeriphResetCmd)
    RCC_GetClocksFreq                        0x08001431   Thumb Code   208  stm32f0xx_rcc.o(i.RCC_GetClocksFreq)
    SystemInit                               0x08001579   Thumb Code    84  system_stm32f0xx.o(i.SystemInit)
    TIM2_Config                              0x080015d9   Thumb Code    72  timer.o(i.TIM2_Config)
    TIM3_Config                              0x0800162d   Thumb Code   140  timer.o(i.TIM3_Config)
    TIM3_IRQHandler                          0x080016cd   Thumb Code    42  stm32f0xx_it.o(i.TIM3_IRQHandler)
    TIM_ClearITPendingBit                    0x08001705   Thumb Code     6  stm32f0xx_tim.o(i.TIM_ClearITPendingBit)
    TIM_Cmd                                  0x0800170b   Thumb Code    20  stm32f0xx_tim.o(i.TIM_Cmd)
    TIM_CtrlPWMOutputs                       0x0800171f   Thumb Code    24  stm32f0xx_tim.o(i.TIM_CtrlPWMOutputs)
    TIM_GetCapture3                          0x08001737   Thumb Code     4  stm32f0xx_tim.o(i.TIM_GetCapture3)
    TIM_GetCounter                           0x0800173b   Thumb Code     4  stm32f0xx_tim.o(i.TIM_GetCounter)
    TIM_ITConfig                             0x0800173f   Thumb Code    16  stm32f0xx_tim.o(i.TIM_ITConfig)
    TIM_OC1Init                              0x08001751   Thumb Code   104  stm32f0xx_tim.o(i.TIM_OC1Init)
    TIM_OC3Init                              0x080017cd   Thumb Code   110  stm32f0xx_tim.o(i.TIM_OC3Init)
    TIM_OC3PreloadConfig                     0x08001855   Thumb Code    12  stm32f0xx_tim.o(i.TIM_OC3PreloadConfig)
    TIM_PrescalerConfig                      0x08001861   Thumb Code     6  stm32f0xx_tim.o(i.TIM_PrescalerConfig)
    TIM_SetCompare3                          0x08001867   Thumb Code     4  stm32f0xx_tim.o(i.TIM_SetCompare3)
    TIM_SetCounter                           0x0800186b   Thumb Code     4  stm32f0xx_tim.o(i.TIM_SetCounter)
    TIM_TimeBaseInit                         0x08001871   Thumb Code    88  stm32f0xx_tim.o(i.TIM_TimeBaseInit)
    USART1_IRQHandler                        0x08001979   Thumb Code   100  serial.o(i.USART1_IRQHandler)
    USART_ClearITPendingBit                  0x080019ed   Thumb Code    10  stm32f0xx_usart.o(i.USART_ClearITPendingBit)
    USART_Cmd                                0x080019f7   Thumb Code    20  stm32f0xx_usart.o(i.USART_Cmd)
    USART_GetFlagStatus                      0x08001a0b   Thumb Code    14  stm32f0xx_usart.o(i.USART_GetFlagStatus)
    USART_GetITStatus                        0x08001a19   Thumb Code    56  stm32f0xx_usart.o(i.USART_GetITStatus)
    USART_ITConfig                           0x08001a51   Thumb Code    42  stm32f0xx_usart.o(i.USART_ITConfig)
    USART_Init                               0x08001a7d   Thumb Code   128  stm32f0xx_usart.o(i.USART_Init)
    USART_ReceiveData                        0x08001b09   Thumb Code     8  stm32f0xx_usart.o(i.USART_ReceiveData)
    USART_SendData                           0x08001b11   Thumb Code     8  stm32f0xx_usart.o(i.USART_SendData)
    __0printf$1                              0x08001b19   Thumb Code    24  printf1.o(i.__0printf$1)
    __1printf$1                              0x08001b19   Thumb Code     0  printf1.o(i.__0printf$1)
    __2printf                                0x08001b19   Thumb Code     0  printf1.o(i.__0printf$1)
    __0sprintf$1                             0x08001b39   Thumb Code    36  printf1.o(i.__0sprintf$1)
    __1sprintf$1                             0x08001b39   Thumb Code     0  printf1.o(i.__0sprintf$1)
    __2sprintf                               0x08001b39   Thumb Code     0  printf1.o(i.__0sprintf$1)
    __ARM_clz                                0x08001b61   Thumb Code    46  depilogue.o(i.__ARM_clz)
    __scatterload_copy                       0x08001b8f   Thumb Code    14  handlers.o(i.__scatterload_copy)
    __scatterload_null                       0x08001b9d   Thumb Code     2  handlers.o(i.__scatterload_null)
    __scatterload_zeroinit                   0x08001b9f   Thumb Code    14  handlers.o(i.__scatterload_zeroinit)
    _init_box                                0x08001bad   Thumb Code    72  rt_membox.o(i._init_box)
    aux_task                                 0x08001d51   Thumb Code    14  aux_task.o(i.aux_task)
    available_fcn                            0x08001d65   Thumb Code     6  serial.o(i.available_fcn)
    begin_fcn                                0x08001d71   Thumb Code    14  serial.o(i.begin_fcn)
    closed_loop                              0x08001d85   Thumb Code    72  algorithm.o(i.closed_loop)
    delay_us                                 0x08001dd1   Thumb Code    28  algorithm.o(i.delay_us)
    drive_transition                         0x08001ded   Thumb Code    84  main_task.o(i.drive_transition)
    flush_fcn                                0x08001e55   Thumb Code    20  serial.o(i.flush_fcn)
    fputc                                    0x08001e6d   Thumb Code    12  retarget.o(i.fputc)
    get_capacitance                          0x08001e79   Thumb Code    48  adc.o(i.get_capacitance)
    init                                     0x08001ead   Thumb Code    46  main.o(i.init)
    main                                     0x08001f01   Thumb Code    40  main.o(i.main)
    main_task                                0x08001f35   Thumb Code    48  main_task.o(i.main_task)
    mirror_drive_en                          0x08001f71   Thumb Code    26  io.o(i.mirror_drive_en)
    os_error                                 0x08001f91   Thumb Code    38  rtx_conf_cm.o(i.os_error)
    os_idle_demon                            0x08001ffd   Thumb Code     2  rtx_conf_cm.o(i.os_idle_demon)
    os_tick_init                             0x08002001   Thumb Code    32  rt_system.o(i.os_tick_init)
    os_tick_irqack                           0x0800202d   Thumb Code     2  rt_system.o(i.os_tick_irqack)
    os_tmr_call                              0x0800202f   Thumb Code     2  rtx_conf_cm.o(i.os_tmr_call)
    peek_fcn                                 0x08002031   Thumb Code    16  serial.o(i.peek_fcn)
    print_fcn                                0x08002045   Thumb Code    20  serial.o(i.print_fcn)
    println_fcn                              0x08002059   Thumb Code    20  serial.o(i.println_fcn)
    process_input                            0x0800206d   Thumb Code   108  aux_task.o(i.process_input)
    putchar                                  0x080020fd   Thumb Code    32  serial.o(i.putchar)
    read_fcn                                 0x08002121   Thumb Code    44  serial.o(i.read_fcn)
    rt_alloc_box                             0x08002151   Thumb Code    30  rt_membox.o(i.rt_alloc_box)
    rt_block                                 0x08002171   Thumb Code    42  rt_task.o(i.rt_block)
    rt_chk_robin                             0x080021a9   Thumb Code    56  rt_robin.o(i.rt_chk_robin)
    rt_dec_dly                               0x080021ed   Thumb Code   112  rt_list.o(i.rt_dec_dly)
    rt_dispatch                              0x08002265   Thumb Code    56  rt_task.o(i.rt_dispatch)
    rt_dly_wait                              0x080022a5   Thumb Code    10  rt_time.o(i.rt_dly_wait)
    rt_evt_psh                               0x080022b1   Thumb Code    70  rt_event.o(i.rt_evt_psh)
    rt_free_box                              0x080022fd   Thumb Code    38  rt_membox.o(i.rt_free_box)
    rt_get_first                             0x08002323   Thumb Code    42  rt_list.o(i.rt_get_first)
    rt_init_robin                            0x08002395   Thumb Code    14  rt_robin.o(i.rt_init_robin)
    rt_init_stack                            0x080023ad   Thumb Code    68  hal_cm1.o(i.rt_init_stack)
    rt_mbx_psh                               0x080023f9   Thumb Code   176  rt_mailbox.o(i.rt_mbx_psh)
    rt_pop_req                               0x080024ad   Thumb Code   100  rt_system.o(i.rt_pop_req)
    rt_put_dly                               0x0800251d   Thumb Code    74  rt_list.o(i.rt_put_dly)
    rt_put_prio                              0x0800256d   Thumb Code    60  rt_list.o(i.rt_put_prio)
    rt_put_rdy_first                         0x080025a9   Thumb Code    14  rt_list.o(i.rt_put_rdy_first)
    rt_rmv_dly                               0x080025bd   Thumb Code    42  rt_list.o(i.rt_rmv_dly)
    rt_rmv_list                              0x080025e9   Thumb Code    46  rt_list.o(i.rt_rmv_list)
    rt_sem_psh                               0x0800261d   Thumb Code    46  rt_semaphore.o(i.rt_sem_psh)
    rt_stk_check                             0x08002651   Thumb Code    30  rt_system.o(i.rt_stk_check)
    rt_switch_req                            0x08002679   Thumb Code    10  rt_task.o(i.rt_switch_req)
    rt_sys_init                              0x08002689   Thumb Code   230  rt_task.o(i.rt_sys_init)
    rt_systick                               0x080027c1   Thumb Code    48  rt_system.o(i.rt_systick)
    rt_tmr_tick                              0x080027fd   Thumb Code    56  rt_timer.o(i.rt_tmr_tick)
    rt_tsk_create                            0x0800283d   Thumb Code   108  rt_task.o(i.rt_tsk_create)
    rt_tsk_delete                            0x080028b9   Thumb Code   294  rt_task.o(i.rt_tsk_delete)
    set_duty_cycle                           0x080029f9   Thumb Code    36  pwm.o(i.set_duty_cycle)
    startup_seq                              0x08002a29   Thumb Code   190  algorithm.o(i.startup_seq)
    write_fcn                                0x08002af1   Thumb Code     8  serial.o(i.write_fcn)
    os_maxtaskrun                            0x08002af8   Data           2  rtx_conf_cm.o(.constdata)
    os_stackinfo                             0x08002afc   Data           4  rtx_conf_cm.o(.constdata)
    os_rrobin                                0x08002b00   Data           4  rtx_conf_cm.o(.constdata)
    os_trv                                   0x08002b04   Data           4  rtx_conf_cm.o(.constdata)
    os_flags                                 0x08002b08   Data           1  rtx_conf_cm.o(.constdata)
    os_clockrate                             0x08002b0c   Data           4  rtx_conf_cm.o(.constdata)
    os_timernum                              0x08002b10   Data           4  rtx_conf_cm.o(.constdata)
    mp_tcb_size                              0x08002b14   Data           2  rtx_conf_cm.o(.constdata)
    mp_stk_size                              0x08002b18   Data           4  rtx_conf_cm.o(.constdata)
    os_fifo_size                             0x08002b1c   Data           1  rtx_conf_cm.o(.constdata)
    mp_tmr_size                              0x08002b1e   Data           2  rtx_conf_cm.o(.constdata)
    RL_RTX_Version                           0x08002b20   Data           4  rt_system.o(.constdata)
    __ctype_categories                       0x08002b24   Data          64  ctype_c.o(.constdata)
    Region$$Table$$Base                      0x08002b64   Number         0  anon$$obj.o(Region$$Table)
    Region$$Table$$Limit                     0x08002b84   Number         0  anon$$obj.o(Region$$Table)
    capture                                  0x20000010   Data           2  stm32f0xx_it.o(.data)
    SystemCoreClock                          0x20000014   Data           4  system_stm32f0xx.o(.data)
    AHBPrescTable                            0x20000018   Data          16  system_stm32f0xx.o(.data)
    Serial                                   0x20000044   Data          36  serial.o(.data)
    m_tmr                                    0x20000068   Data           4  rtx_conf_cm.o(.data)
    __stdout                                 0x2000006c   Data           4  retarget.o(.data)
    TimerPeriod                              0x20000070   Data           2  pwm.o(.data)
    Pulse                                    0x20000072   Data           2  pwm.o(.data)
    CCR3_Val                                 0x20000074   Data           2  timer.o(.data)
    PrescalerValue                           0x20000076   Data           2  timer.o(.data)
    PrescalerValue2                          0x20000078   Data           2  timer.o(.data)
    aux_t                                    0x20000080   Data           4  aux_task.o(.data)
    main_t                                   0x20000084   Data           4  main_task.o(.data)
    Counter                                  0x20000088   Data           4  main_task.o(.data)
    val1                                     0x2000008c   Data           2  algorithm.o(.data)
    val2                                     0x2000008e   Data           2  algorithm.o(.data)
    val3                                     0x20000090   Data           2  algorithm.o(.data)
    d1                                       0x20000094   Data           4  algorithm.o(.data)
    d2                                       0x20000098   Data           4  algorithm.o(.data)
    diff                                     0x2000009c   Data           4  algorithm.o(.data)
    drive_flg                                0x200000a0   Data           4  algorithm.o(.data)
    os_tsk                                   0x200000a4   Data           8  rt_task.o(.data)
    os_time                                  0x200000ac   Data           4  rt_time.o(.data)
    os_tick_irqn                             0x200000b4   Data           4  rt_system.o(.data)
    os_robin                                 0x200000b8   Data           8  rt_robin.o(.data)
    os_tmr                                   0x200000c0   Data           8  rt_timer.o(.data)
    mp_tcb                                   0x200000c8   Data         236  rtx_conf_cm.o(.bss)
    mp_stk                                   0x200001b8   Data         272  rtx_conf_cm.o(.bss)
    os_fifo                                  0x200002c8   Data         132  rtx_conf_cm.o(.bss)
    os_active_TCB                            0x2000034c   Data          16  rtx_conf_cm.o(.bss)
    mp_tmr                                   0x2000035c   Data          20  rtx_conf_cm.o(.bss)
    RegularConvData_Tab                      0x20000370   Data         100  adc.o(.bss)
    TIM_TimeBaseStructure_PWM                0x200003d4   Data          12  pwm.o(.bss)
    TIM_OCInitStructure_PWM                  0x200003e0   Data          20  pwm.o(.bss)
    TIM_TimeBaseStructure_PWM1               0x200003f4   Data          12  pwm.o(.bss)
    TIM_OCInitStructure_PWM1                 0x20000400   Data          20  pwm.o(.bss)
    str                                      0x2000041e   Data          50  aux_task.o(.bss)
    aux_stk                                  0x20000450   Data         400  aux_task.o(.bss)
    main_stk                                 0x200005e0   Data         400  main_task.o(.bss)
    os_idle_TCB                              0x20000770   Data          56  rt_task.o(.bss)
    os_rdy                                   0x200007a8   Data          24  rt_list.o(.bss)
    os_dly                                   0x200007c0   Data          24  rt_list.o(.bss)
    __initial_sp                             0x20000bd8   Data           0  startup_stm32f030x8.o(STACK)



==============================================================================

Memory Map of the image

  Image Entry point : 0x080000c1

  Load Region LR_IROM1 (Base: 0x08000000, Size: 0x00002c4c, Max: 0x00010000, ABSOLUTE)

    Execution Region ER_IROM1 (Base: 0x08000000, Size: 0x00002b84, Max: 0x00010000, ABSOLUTE)

    Base Addr    Size         Type   Attr      Idx    E Section Name        Object

    0x08000000   0x000000c0   Data   RO            3    RESET               startup_stm32f030x8.o
    0x080000c0   0x00000000   Code   RO         4414  * .ARM.Collect$$$$00000000  mc_p.l(entry.o)
    0x080000c0   0x00000004   Code   RO         4708    .ARM.Collect$$$$00000001  mc_p.l(entry2.o)
    0x080000c4   0x00000004   Code   RO         4711    .ARM.Collect$$$$00000004  mc_p.l(entry5.o)
    0x080000c8   0x00000000   Code   RO         4713    .ARM.Collect$$$$00000008  mc_p.l(entry7b.o)
    0x080000c8   0x00000000   Code   RO         4715    .ARM.Collect$$$$0000000A  mc_p.l(entry8b.o)
    0x080000c8   0x00000008   Code   RO         4716    .ARM.Collect$$$$0000000B  mc_p.l(entry9a.o)
    0x080000d0   0x00000000   Code   RO         4718    .ARM.Collect$$$$0000000D  mc_p.l(entry10a.o)
    0x080000d0   0x00000000   Code   RO         4720    .ARM.Collect$$$$0000000F  mc_p.l(entry11a.o)
    0x080000d0   0x00000004   Code   RO         4709    .ARM.Collect$$$$00002712  mc_p.l(entry2.o)
    0x080000d4   0x00000188   Code   RO         4023    .emb_text           RTX_CM1.LIB(hal_cm1.o)
    0x0800025c   0x0000001c   Code   RO            4    .text               startup_stm32f030x8.o
    0x08000278   0x0000002c   Code   RO         4417    .text               mc_p.l(uidiv.o)
    0x080002a4   0x0000003c   Code   RO         4680    .text               mc_p.l(__0sscanf.o)
    0x080002e0   0x0000014a   Code   RO         4682    .text               mc_p.l(_scanf_int.o)
    0x0800042a   0x0000007c   Code   RO         4686    .text               mf_p.l(fdiv.o)
    0x080004a6   0x00000002   PAD
    0x080004a8   0x00000164   Code   RO         4690    .text               mf_p.l(dadd.o)
    0x0800060c   0x000000d0   Code   RO         4692    .text               mf_p.l(dmul.o)
    0x080006dc   0x000000f0   Code   RO         4694    .text               mf_p.l(ddiv.o)
    0x080007cc   0x0000000e   Code   RO         4696    .text               mf_p.l(ffltui.o)
    0x080007da   0x00000002   PAD
    0x080007dc   0x0000001c   Code   RO         4698    .text               mf_p.l(dfltui.o)
    0x080007f8   0x00000028   Code   RO         4700    .text               mf_p.l(ffixui.o)
    0x08000820   0x0000003c   Code   RO         4702    .text               mf_p.l(dfixui.o)
    0x0800085c   0x00000028   Code   RO         4704    .text               mf_p.l(f2d.o)
    0x08000884   0x00000038   Code   RO         4706    .text               mf_p.l(d2f.o)
    0x080008bc   0x00000020   Code   RO         4724    .text               mc_p.l(llshl.o)
    0x080008dc   0x00000022   Code   RO         4726    .text               mc_p.l(llushr.o)
    0x080008fe   0x00000026   Code   RO         4728    .text               mc_p.l(llsshr.o)
    0x08000924   0x0000001e   Code   RO         4730    .text               mc_p.l(_chval.o)
    0x08000942   0x00000002   PAD
    0x08000944   0x0000002c   Code   RO         4732    .text               mc_p.l(scanf_char.o)
    0x08000970   0x00000044   Code   RO         4734    .text               mc_p.l(_sgetc.o)
    0x080009b4   0x00000000   Code   RO         4736    .text               mc_p.l(iusefp.o)
    0x080009b4   0x00000082   Code   RO         4737    .text               mf_p.l(fepilogue.o)
    0x08000a36   0x000000be   Code   RO         4739    .text               mf_p.l(depilogue.o)
    0x08000af4   0x00000024   Code   RO         4747    .text               mc_p.l(init.o)
    0x08000b18   0x0000000e   Code   RO         4749    .text               mc_p.l(isspace_c.o)
    0x08000b26   0x00000002   PAD
    0x08000b28   0x00000338   Code   RO         4751    .text               mc_p.l(_scanf.o)
    0x08000e60   0x00000024   Code   RO         4753    .text               mc_p.l(ctype_c.o)
    0x08000e84   0x00000004   Code   RO         4258    SVC_TABLE           RTX_CM1.LIB(svc_table.o)
    0x08000e88   0x0000000a   Code   RO           17    i.ADC_ChannelConfig  stm32f0xx_adc.o
    0x08000e92   0x00000012   Code   RO           20    i.ADC_Cmd           stm32f0xx_adc.o
    0x08000ea4   0x00000014   Code   RO           22    i.ADC_DMACmd        stm32f0xx_adc.o
    0x08000eb8   0x00000010   Code   RO           23    i.ADC_DMARequestModeConfig  stm32f0xx_adc.o
    0x08000ec8   0x00000020   Code   RO           24    i.ADC_DeInit        stm32f0xx_adc.o
    0x08000ee8   0x0000002e   Code   RO           26    i.ADC_GetCalibrationFactor  stm32f0xx_adc.o
    0x08000f16   0x0000001c   Code   RO           28    i.ADC_GetFlagStatus  stm32f0xx_adc.o
    0x08000f32   0x00000002   PAD
    0x08000f34   0x0000002c   Code   RO           31    i.ADC_Init          stm32f0xx_adc.o
    0x08000f60   0x0000000a   Code   RO           34    i.ADC_StartOfConversion  stm32f0xx_adc.o
    0x08000f6a   0x00000010   Code   RO           36    i.ADC_StructInit    stm32f0xx_adc.o
    0x08000f7a   0x00000002   PAD
    0x08000f7c   0x000000f0   Code   RO         3612    i.ADC_init          adc.o
    0x0800106c   0x0000000c   Code   RO          668    i.DMA_ClearFlag     stm32f0xx_dma.o
    0x08001078   0x00000018   Code   RO          670    i.DMA_Cmd           stm32f0xx_dma.o
    0x08001090   0x0000006c   Code   RO          671    i.DMA_DeInit        stm32f0xx_dma.o
    0x080010fc   0x00000014   Code   RO          673    i.DMA_GetFlagStatus  stm32f0xx_dma.o
    0x08001110   0x0000003c   Code   RO          676    i.DMA_Init          stm32f0xx_dma.o
    0x0800114c   0x00000070   Code   RO          998    i.GPIO_Init         stm32f0xx_gpio.o
    0x080011bc   0x00000020   Code   RO          999    i.GPIO_PinAFConfig  stm32f0xx_gpio.o
    0x080011dc   0x00000004   Code   RO         1005    i.GPIO_ResetBits    stm32f0xx_gpio.o
    0x080011e0   0x00000004   Code   RO         1006    i.GPIO_SetBits      stm32f0xx_gpio.o
    0x080011e4   0x00000018   Code   RO         1007    i.GPIO_StructInit   stm32f0xx_gpio.o
    0x080011fc   0x00000020   Code   RO         3728    i.HV_en             io.o
    0x0800121c   0x000000bc   Code   RO         3650    i.HV_ref_init       pwm.o
    0x080012d8   0x0000002c   Code   RO         3651    i.HV_set            pwm.o
    0x08001304   0x00000002   Code   RO         3318    i.HardFault_Handler  stm32f0xx_it.o
    0x08001306   0x00000002   PAD
    0x08001308   0x00000074   Code   RO         3729    i.IO_init           io.o
    0x0800137c   0x00000002   Code   RO         3319    i.NMI_Handler       stm32f0xx_it.o
    0x0800137e   0x00000002   PAD
    0x08001380   0x00000050   Code   RO         1411    i.NVIC_Init         stm32f0xx_misc.o
    0x080013d0   0x00000018   Code   RO         1518    i.RCC_AHBPeriphClockCmd  stm32f0xx_rcc.o
    0x080013e8   0x00000018   Code   RO         1520    i.RCC_APB1PeriphClockCmd  stm32f0xx_rcc.o
    0x08001400   0x00000018   Code   RO         1522    i.RCC_APB2PeriphClockCmd  stm32f0xx_rcc.o
    0x08001418   0x00000018   Code   RO         1523    i.RCC_APB2PeriphResetCmd  stm32f0xx_rcc.o
    0x08001430   0x000000e8   Code   RO         1532    i.RCC_GetClocksFreq  stm32f0xx_rcc.o
    0x08001518   0x00000060   Code   RO         3361    i.SetSysClock       system_stm32f0xx.o
    0x08001578   0x00000060   Code   RO         3363    i.SystemInit        system_stm32f0xx.o
    0x080015d8   0x00000054   Code   RO         3699    i.TIM2_Config       timer.o
    0x0800162c   0x000000a0   Code   RO         3700    i.TIM3_Config       timer.o
    0x080016cc   0x00000038   Code   RO         3320    i.TIM3_IRQHandler   stm32f0xx_it.o
    0x08001704   0x00000006   Code   RO         2344    i.TIM_ClearITPendingBit  stm32f0xx_tim.o
    0x0800170a   0x00000014   Code   RO         2349    i.TIM_Cmd           stm32f0xx_tim.o
    0x0800171e   0x00000018   Code   RO         2351    i.TIM_CtrlPWMOutputs  stm32f0xx_tim.o
    0x08001736   0x00000004   Code   RO         2366    i.TIM_GetCapture3   stm32f0xx_tim.o
    0x0800173a   0x00000004   Code   RO         2368    i.TIM_GetCounter    stm32f0xx_tim.o
    0x0800173e   0x00000010   Code   RO         2374    i.TIM_ITConfig      stm32f0xx_tim.o
    0x0800174e   0x00000002   PAD
    0x08001750   0x0000007c   Code   RO         2378    i.TIM_OC1Init       stm32f0xx_tim.o
    0x080017cc   0x00000088   Code   RO         2388    i.TIM_OC3Init       stm32f0xx_tim.o
    0x08001854   0x0000000c   Code   RO         2391    i.TIM_OC3PreloadConfig  stm32f0xx_tim.o
    0x08001860   0x00000006   Code   RO         2398    i.TIM_PrescalerConfig  stm32f0xx_tim.o
    0x08001866   0x00000004   Code   RO         2414    i.TIM_SetCompare3   stm32f0xx_tim.o
    0x0800186a   0x00000004   Code   RO         2416    i.TIM_SetCounter    stm32f0xx_tim.o
    0x0800186e   0x00000002   PAD
    0x08001870   0x00000074   Code   RO         2422    i.TIM_TimeBaseInit  stm32f0xx_tim.o
    0x080018e4   0x00000094   Code   RO         3398    i.UART1_Init        serial.o
    0x08001978   0x00000074   Code   RO         3399    i.USART1_IRQHandler  serial.o
    0x080019ec   0x0000000a   Code   RO         2892    i.USART_ClearITPendingBit  stm32f0xx_usart.o
    0x080019f6   0x00000014   Code   RO         2895    i.USART_Cmd         stm32f0xx_usart.o
    0x08001a0a   0x0000000e   Code   RO         2903    i.USART_GetFlagStatus  stm32f0xx_usart.o
    0x08001a18   0x00000038   Code   RO         2904    i.USART_GetITStatus  stm32f0xx_usart.o
    0x08001a50   0x0000002a   Code   RO         2906    i.USART_ITConfig    stm32f0xx_usart.o
    0x08001a7a   0x00000002   PAD
    0x08001a7c   0x0000008c   Code   RO         2907    i.USART_Init        stm32f0xx_usart.o
    0x08001b08   0x00000008   Code   RO         2919    i.USART_ReceiveData  stm32f0xx_usart.o
    0x08001b10   0x00000008   Code   RO         2924    i.USART_SendData    stm32f0xx_usart.o
    0x08001b18   0x00000020   Code   RO         4464    i.__0printf$1       mc_p.l(printf1.o)
    0x08001b38   0x00000028   Code   RO         4466    i.__0sprintf$1      mc_p.l(printf1.o)
    0x08001b60   0x0000002e   Code   RO         4741    i.__ARM_clz         mf_p.l(depilogue.o)
    0x08001b8e   0x0000000e   Code   RO         4758    i.__scatterload_copy  mc_p.l(handlers.o)
    0x08001b9c   0x00000002   Code   RO         4759    i.__scatterload_null  mc_p.l(handlers.o)
    0x08001b9e   0x0000000e   Code   RO         4760    i.__scatterload_zeroinit  mc_p.l(handlers.o)
    0x08001bac   0x00000048   Code   RO         4229    i._init_box         RTX_CM1.LIB(rt_membox.o)
    0x08001bf4   0x00000150   Code   RO         4471    i._printf_core      mc_p.l(printf1.o)
    0x08001d44   0x0000000a   Code   RO         4473    i._sputc            mc_p.l(printf1.o)
    0x08001d4e   0x00000002   PAD
    0x08001d50   0x00000014   Code   RO         3766    i.aux_task          aux_task.o
    0x08001d64   0x0000000c   Code   RO         3400    i.available_fcn     serial.o
    0x08001d70   0x00000014   Code   RO         3401    i.begin_fcn         serial.o
    0x08001d84   0x0000004c   Code   RO         3838    i.closed_loop       algorithm.o
    0x08001dd0   0x0000001c   Code   RO         3841    i.delay_us          algorithm.o
    0x08001dec   0x00000068   Code   RO         3802    i.drive_transition  main_task.o
    0x08001e54   0x00000018   Code   RO         3402    i.flush_fcn         serial.o
    0x08001e6c   0x0000000c   Code   RO         3554    i.fputc             retarget.o
    0x08001e78   0x00000034   Code   RO         3613    i.get_capacitance   adc.o
    0x08001eac   0x00000054   Code   RO         3258    i.init              main.o
    0x08001f00   0x00000034   Code   RO         3259    i.main              main.o
    0x08001f34   0x0000003c   Code   RO         3803    i.main_task         main_task.o
    0x08001f70   0x00000020   Code   RO         3731    i.mirror_drive_en   io.o
    0x08001f90   0x0000006c   Code   RO         3497    i.os_error          rtx_conf_cm.o
    0x08001ffc   0x00000002   Code   RO         3498    i.os_idle_demon     rtx_conf_cm.o
    0x08001ffe   0x00000002   PAD
    0x08002000   0x0000002c   Code   RO         4044    i.os_tick_init      RTX_CM1.LIB(rt_system.o)
    0x0800202c   0x00000002   Code   RO         4045    i.os_tick_irqack    RTX_CM1.LIB(rt_system.o)
    0x0800202e   0x00000002   Code   RO         3499    i.os_tmr_call       rtx_conf_cm.o
    0x08002030   0x00000014   Code   RO         3403    i.peek_fcn          serial.o
    0x08002044   0x00000014   Code   RO         3404    i.print_fcn         serial.o
    0x08002058   0x00000014   Code   RO         3405    i.println_fcn       serial.o
    0x0800206c   0x00000090   Code   RO         3767    i.process_input     aux_task.o
    0x080020fc   0x00000024   Code   RO         3406    i.putchar           serial.o
    0x08002120   0x00000030   Code   RO         3407    i.read_fcn          serial.o
    0x08002150   0x0000001e   Code   RO         4230    i.rt_alloc_box      RTX_CM1.LIB(rt_membox.o)
    0x0800216e   0x00000002   PAD
    0x08002170   0x00000038   Code   RO         3887    i.rt_block          RTX_CM1.LIB(rt_task.o)
    0x080021a8   0x00000044   Code   RO         4207    i.rt_chk_robin      RTX_CM1.LIB(rt_robin.o)
    0x080021ec   0x00000078   Code   RO         4128    i.rt_dec_dly        RTX_CM1.LIB(rt_list.o)
    0x08002264   0x00000040   Code   RO         3888    i.rt_dispatch       RTX_CM1.LIB(rt_task.o)
    0x080022a4   0x0000000a   Code   RO         3986    i.rt_dly_wait       RTX_CM1.LIB(rt_time.o)
    0x080022ae   0x00000002   PAD
    0x080022b0   0x0000004c   Code   RO         4264    i.rt_evt_psh        RTX_CM1.LIB(rt_event.o)
    0x080022fc   0x00000026   Code   RO         4231    i.rt_free_box       RTX_CM1.LIB(rt_membox.o)
    0x08002322   0x0000002a   Code   RO         4129    i.rt_get_first      RTX_CM1.LIB(rt_list.o)
    0x0800234c   0x00000048   Code   RO         3889    i.rt_init_context   RTX_CM1.LIB(rt_task.o)
    0x08002394   0x00000018   Code   RO         4208    i.rt_init_robin     RTX_CM1.LIB(rt_robin.o)
    0x080023ac   0x0000004c   Code   RO         4024    i.rt_init_stack     RTX_CM1.LIB(hal_cm1.o)
    0x080023f8   0x000000b4   Code   RO         4307    i.rt_mbx_psh        RTX_CM1.LIB(rt_mailbox.o)
    0x080024ac   0x00000070   Code   RO         4046    i.rt_pop_req        RTX_CM1.LIB(rt_system.o)
    0x0800251c   0x00000050   Code   RO         4132    i.rt_put_dly        RTX_CM1.LIB(rt_list.o)
    0x0800256c   0x0000003c   Code   RO         4133    i.rt_put_prio       RTX_CM1.LIB(rt_list.o)
    0x080025a8   0x00000014   Code   RO         4134    i.rt_put_rdy_first  RTX_CM1.LIB(rt_list.o)
    0x080025bc   0x0000002a   Code   RO         4136    i.rt_rmv_dly        RTX_CM1.LIB(rt_list.o)
    0x080025e6   0x00000002   PAD
    0x080025e8   0x00000034   Code   RO         4137    i.rt_rmv_list       RTX_CM1.LIB(rt_list.o)
    0x0800261c   0x00000034   Code   RO         4353    i.rt_sem_psh        RTX_CM1.LIB(rt_semaphore.o)
    0x08002650   0x00000028   Code   RO         4049    i.rt_stk_check      RTX_CM1.LIB(rt_system.o)
    0x08002678   0x00000010   Code   RO         3890    i.rt_switch_req     RTX_CM1.LIB(rt_task.o)
    0x08002688   0x00000138   Code   RO         3891    i.rt_sys_init       RTX_CM1.LIB(rt_task.o)
    0x080027c0   0x0000003c   Code   RO         4051    i.rt_systick        RTX_CM1.LIB(rt_system.o)
    0x080027fc   0x00000040   Code   RO         4389    i.rt_tmr_tick       RTX_CM1.LIB(rt_timer.o)
    0x0800283c   0x0000007c   Code   RO         3892    i.rt_tsk_create     RTX_CM1.LIB(rt_task.o)
    0x080028b8   0x00000140   Code   RO         3893    i.rt_tsk_delete     RTX_CM1.LIB(rt_task.o)
    0x080029f8   0x00000030   Code   RO         3653    i.set_duty_cycle    pwm.o
    0x08002a28   0x000000c8   Code   RO         3842    i.startup_seq       algorithm.o
    0x08002af0   0x00000008   Code   RO         3408    i.write_fcn         serial.o
    0x08002af8   0x00000002   Data   RO         3505    .constdata          rtx_conf_cm.o
    0x08002afa   0x00000002   PAD
    0x08002afc   0x00000004   Data   RO         3506    .constdata          rtx_conf_cm.o
    0x08002b00   0x00000004   Data   RO         3507    .constdata          rtx_conf_cm.o
    0x08002b04   0x00000004   Data   RO         3508    .constdata          rtx_conf_cm.o
    0x08002b08   0x00000001   Data   RO         3509    .constdata          rtx_conf_cm.o
    0x08002b09   0x00000003   PAD
    0x08002b0c   0x00000008   Data   RO         3510    .constdata          rtx_conf_cm.o
    0x08002b14   0x00000002   Data   RO         3511    .constdata          rtx_conf_cm.o
    0x08002b16   0x00000002   PAD
    0x08002b18   0x00000004   Data   RO         3512    .constdata          rtx_conf_cm.o
    0x08002b1c   0x00000001   Data   RO         3513    .constdata          rtx_conf_cm.o
    0x08002b1d   0x00000001   PAD
    0x08002b1e   0x00000002   Data   RO         3514    .constdata          rtx_conf_cm.o
    0x08002b20   0x00000004   Data   RO         4054    .constdata          RTX_CM1.LIB(rt_system.o)
    0x08002b24   0x00000040   Data   RO         4754    .constdata          mc_p.l(ctype_c.o)
    0x08002b64   0x00000020   Data   RO         4756    Region$$Table       anon$$obj.o


    Execution Region RW_IRAM1 (Base: 0x20000000, Size: 0x00000bd8, Max: 0x00002000, ABSOLUTE)

    Base Addr    Size         Type   Attr      Idx    E Section Name        Object

    0x20000000   0x00000010   Data   RW         1556    .data               stm32f0xx_rcc.o
    0x20000010   0x00000002   Data   RW         3321    .data               stm32f0xx_it.o
    0x20000012   0x00000002   PAD
    0x20000014   0x00000014   Data   RW         3364    .data               system_stm32f0xx.o
    0x20000028   0x00000040   Data   RW         3409    .data               serial.o
    0x20000068   0x00000004   Data   RW         3515    .data               rtx_conf_cm.o
    0x2000006c   0x00000004   Data   RW         3555    .data               retarget.o
    0x20000070   0x00000004   Data   RW         3656    .data               pwm.o
    0x20000074   0x00000006   Data   RW         3701    .data               timer.o
    0x2000007a   0x00000002   PAD
    0x2000007c   0x00000004   Data   RW         3770    .data               aux_task.o
    0x20000080   0x00000004   Data   RW         3771    .data               aux_task.o
    0x20000084   0x00000004   Data   RW         3805    .data               main_task.o
    0x20000088   0x00000004   Data   RW         3806    .data               main_task.o
    0x2000008c   0x00000018   Data   RW         3843    .data               algorithm.o
    0x200000a4   0x00000008   Data   RW         3898    .data               RTX_CM1.LIB(rt_task.o)
    0x200000ac   0x00000004   Data   RW         3990    .data               RTX_CM1.LIB(rt_time.o)
    0x200000b0   0x00000008   Data   RW         4055    .data               RTX_CM1.LIB(rt_system.o)
    0x200000b8   0x00000008   Data   RW         4209    .data               RTX_CM1.LIB(rt_robin.o)
    0x200000c0   0x00000008   Data   RW         4390    .data               RTX_CM1.LIB(rt_timer.o)
    0x200000c8   0x000000ec   Zero   RW         3500    .bss                rtx_conf_cm.o
    0x200001b4   0x00000004   PAD
    0x200001b8   0x00000110   Zero   RW         3501    .bss                rtx_conf_cm.o
    0x200002c8   0x00000084   Zero   RW         3502    .bss                rtx_conf_cm.o
    0x2000034c   0x00000010   Zero   RW         3503    .bss                rtx_conf_cm.o
    0x2000035c   0x00000014   Zero   RW         3504    .bss                rtx_conf_cm.o
    0x20000370   0x00000064   Zero   RW         3615    .bss                adc.o
    0x200003d4   0x00000040   Zero   RW         3655    .bss                pwm.o
    0x20000414   0x0000003c   Zero   RW         3768    .bss                aux_task.o
    0x20000450   0x00000190   Zero   RW         3769    .bss                aux_task.o
    0x200005e0   0x00000190   Zero   RW         3804    .bss                main_task.o
    0x20000770   0x00000038   Zero   RW         3897    .bss                RTX_CM1.LIB(rt_task.o)
    0x200007a8   0x00000030   Zero   RW         4138    .bss                RTX_CM1.LIB(rt_list.o)
    0x200007d8   0x00000400   Zero   RW            1    STACK               startup_stm32f030x8.o


==============================================================================

Image component sizes


      Code (inc. data)   RO Data    RW Data    ZI Data      Debug   Object Name

       292         22          0          0        100       1871   adc.o
       304         14          0         24          0       2540   algorithm.o
       164         42          0          8        460       1711   aux_task.o
       180         20          0          0          0       1496   io.o
       136         50          0          0          0       8166   main.o
       164         32          0          8        400       1725   main_task.o
       280         38          0          4         64       2161   pwm.o
        12          0          0          4          0       2400   retarget.o
       112         70         32          4        676       2675   rtx_conf_cm.o
       472         52          0         64          0       7295   serial.o
        28          8        192          0       1024        784   startup_stm32f030x8.o
       240         10          0          0          0     153726   stm32f0xx_adc.o
       224         26          0          0          0       3946   stm32f0xx_dma.o
       176          6          0          0          0       3473   stm32f0xx_gpio.o
        60         14          0          2          0       1638   stm32f0xx_it.o
        80         10          0          0          0       1064   stm32f0xx_misc.o
       328         48          0         16          0       4255   stm32f0xx_rcc.o
       476         74          0          0          0       9271   stm32f0xx_tim.o
       298         12          0          0          0       5995   stm32f0xx_usart.o
       192         22          0         20          0       1781   system_stm32f0xx.o
       244         32          0          6          0       1854   timer.o

    ----------------------------------------------------------------------
      4478        602        264        164       2728     219827   Object Totals
         0          0         32          0          0          0   (incl. Generated)
        16          0          8          4          4          0   (incl. Padding)

    ----------------------------------------------------------------------

      Code (inc. data)   RO Data    RW Data    ZI Data      Debug   Library Member Name

       468         50          0          0          0       1368   hal_cm1.o
        76          6          0          0          0        513   rt_event.o
       416         26          0          0         48       3585   rt_list.o
       180          4          0          0          0        601   rt_mailbox.o
       140          0          0          0          0       1629   rt_membox.o
        92         22          0          8          0       1014   rt_robin.o
        52          6          0          0          0        469   rt_semaphore.o
       258         46          4          8          0       3229   rt_system.o
       964        156          0          8         56       6630   rt_task.o
        10          0          0          4          0        596   rt_time.o
        64          8          0          8          0        647   rt_timer.o
         4          4          0          0          0        180   svc_table.o
        60         10          0          0          0         84   __0sscanf.o
        30          0          0          0          0         60   _chval.o
       824         12          0          0          0         84   _scanf.o
       330          0          0          0          0         84   _scanf_int.o
        68          0          0          0          0         76   _sgetc.o
        36          4         64          0          0         60   ctype_c.o
         0          0          0          0          0          0   entry.o
         0          0          0          0          0          0   entry10a.o
         0          0          0          0          0          0   entry11a.o
         8          4          0          0          0          0   entry2.o
         4          0          0          0          0          0   entry5.o
         0          0          0          0          0          0   entry7b.o
         0          0          0          0          0          0   entry8b.o
         8          4          0          0          0          0   entry9a.o
        30          0          0          0          0          0   handlers.o
        36          8          0          0          0         68   init.o
        14          0          0          0          0         68   isspace_c.o
         0          0          0          0          0          0   iusefp.o
        32          0          0          0          0         68   llshl.o
        38          0          0          0          0         68   llsshr.o
        34          0          0          0          0         68   llushr.o
       418         16          0          0          0        312   printf1.o
        44          8          0          0          0         84   scanf_char.o
        44          0          0          0          0         72   uidiv.o
        56          0          0          0          0         68   d2f.o
       356          4          0          0          0        140   dadd.o
       240          6          0          0          0         84   ddiv.o
       236          0          0          0          0        216   depilogue.o
        60         10          0          0          0         68   dfixui.o
        28          4          0          0          0         68   dfltui.o
       208          6          0          0          0         88   dmul.o
        40          0          0          0          0         60   f2d.o
       124          0          0          0          0         72   fdiv.o
       130          0          0          0          0        144   fepilogue.o
        40          0          0          0          0         60   ffixui.o
        14          0          0          0          0         68   ffltui.o

    ----------------------------------------------------------------------
      6330        424         68         36        104      22853   Library Totals
        16          0          0          0          0          0   (incl. Padding)

    ----------------------------------------------------------------------

      Code (inc. data)   RO Data    RW Data    ZI Data      Debug   Library Name

      2724        328          4         36        104      20461   RTX_CM1.LIB
      2058         66         64          0          0       1256   mc_p.l
      1532         30          0          0          0       1136   mf_p.l

    ----------------------------------------------------------------------
      6330        424         68         36        104      22853   Library Totals

    ----------------------------------------------------------------------

==============================================================================


      Code (inc. data)   RO Data    RW Data    ZI Data      Debug   

     10808       1026        332        200       2832     236576   Grand Totals
     10808       1026        332        200       2832     236576   ELF Image Totals
     10808       1026        332        200          0          0   ROM Totals

==============================================================================

    Total RO  Size (Code + RO Data)                11140 (  10.88kB)
    Total RW  Size (RW Data + ZI Data)              3032 (   2.96kB)
    Total ROM Size (Code + RO Data + RW Data)      11340 (  11.07kB)

==============================================================================

