<html>
<body>
<pre>
<h1>µVision Build Log</h1>
<h2>Tool Versions:</h2>
IDE-Version: µVision V5.12.0.0
Copyright (C) 2014 ARM Ltd and ARM Germany GmbH. All rights reserved.
License Information: Kishan Amratia, Imperial College London, LIC=----
 
Tool Versions:
Toolchain:       MDK-Lite  Version: 5.12.0.0
Toolchain Path:  C:\Keil_v5\ARM\ARMCC\Bin
C Compiler:      Armcc.exe V5.05 (build 41)
Assembler:       Armasm.exe V5.05 (build 41)
Linker/Locator:  ArmLink.exe V5.05 (build 41)
Library Manager: ArmAr.exe V5.05 (build 41)
Hex Converter:   FromElf.exe V5.05 (build 41)
CPU DLL:         SARMCM3.DLL V5.12.0.0
Dialog DLL:      DARMCM1.DLL V1.11.00.0
    Target DLL: STLink\ST-LINKIII-KEIL_SWO.dll
Dialog DLL:      TARMCM1.DLL V1.08.00.0
 
<h2>Project:</h2>
C:\Users\Kishan\OneDrive\Imperial College London\EE4\Final Year Project\FYP_2015\Microcontroller Files\STM32\FYP2015.uvproj
Project File Date:  05/31/2015

<h2>Output:</h2>
Build target 'FYP2015'
compiling main_task.c...
linking...
Program Size: Code=10692 RO-data=332 RW-data=200 ZI-data=2832  
".\FYP2015\FYP2015.axf" - 0 Error(s), 0 Warning(s).
1-D: last line of file ends without a newline
  }
User\main_task.c: 1 warning, 0 errors
linking...
Program Size: Code=10692 RO-data=332 RW-data=200 ZI-data=2832  
".\FYP2015\FYP2015.axf" - 0 Error(s), 1 Warning(s).
".\FYP2015\FYP2015.axf" - 1 Error(s), 0 Warning(s).
Target not created.
2f0xx_pwr.c...
compiling stm32f0xx_rcc.c...
compiling stm32f0xx_rtc.c...
compiling stm32f0xx_spi.c...
compiling stm32f0xx_syscfg.c...
compiling stm32f0xx_tim.c...
compiling stm32f0xx_usart.c...
compiling stm32f0xx_wwdg.c...
compiling main.c...
compiling stm32f0xx_it.c...
compiling system_stm32f0xx.c...
compiling serial.c...
compiling trace.c...
compiling RTX_Conf_CM.c...
compiling Retarget.c...
compiling adc.c...
compiling pwm.c...
compiling timer.c...
compiling io.c...
compiling aux_task.c...
compiling main_task.c...
compiling algorithm.c...
linking...
Program Size: Code=11312 RO-data=332 RW-data=200 ZI-data=2832  
".\FYP2015\FYP2015.axf" - 0 Error(s), 0 Warning(s).
