<html>
<body>
<pre>
<h1>µVision Build Log</h1>
<h2>Tool Versions:</h2>
IDE-Version: µVision V5.12.0.0
Copyright (C) 2014 ARM Ltd and ARM Germany GmbH. All rights reserved.
License Information: Kishan Amratia, Imperial College London, LIC=----
 
Tool Versions:
Toolchain:       MDK-Lite  Version: 5.12.0.0
Toolchain Path:  C:\Keil_v5\ARM\ARMCC\Bin
C Compiler:      Armcc.exe V5.05 (build 41)
Assembler:       Armasm.exe V5.05 (build 41)
Linker/Locator:  ArmLink.exe V5.05 (build 41)
Library Manager: ArmAr.exe V5.05 (build 41)
Hex Converter:   FromElf.exe V5.05 (build 41)
CPU DLL:         SARMCM3.DLL V5.12.0.0
Dialog DLL:      DARMCM1.DLL V1.11.00.0
    Target DLL: STLink\ST-LINKIII-KEIL_SWO.dll
Dialog DLL:      TARMCM1.DLL V1.08.00.0
 
<h2>Project:</h2>
C:\Users\Kishan\OneDrive\Imperial College London\EE4\Final Year Project\FYP_2015\Microcontroller Files\STM32\FYP2015.uvproj
Project File Date:  05/31/2015

<h2>Output:</h2>
Build target 'FYP2015'
compiling main.c...
compiling stm32f0xx_it.c...
compiling RTX_Conf_CM.c...
compiling adc.c...
compiling pwm.c...
compiling timer.c...
compiling io.c...
compiling aux_task.c...
compiling main_task.c...
compiling algorithm.c...
linking...
Program Size: Code=10808 RO-data=332 RW-data=200 ZI-data=2832  
".\FYP2015\FYP2015.axf" - 0 Error(s), 0 Warning(s).
Load "C:\\Users\\Kishan\\OneDrive\\Imperial College London\\EE4\\Final Year Project\\FYP_2015\\Microcontroller Files\\STM32\\FYP2015\\FYP2015.axf" 
Erase Done.
Programming Done.
Verify OK.
compiling main_task.c...
"User\main_task.c" - 0 Error(s), 0 Warning(s).
tm32f0xx_usart.c...
compiling stm32f0xx_wwdg.c...
compiling main.c...
compiling stm32f0xx_it.c...
compiling system_stm32f0xx.c...
compiling serial.c...
compiling trace.c...
compiling RTX_Conf_CM.c...
compiling Retarget.c...
compiling adc.c...
compiling pwm.c...
compiling timer.c...
compiling io.c...
compiling aux_task.c...
compiling main_task.c...
User\main_task.c(32): warning:  #223-D: function "drive_freq_lock" declared implicitly
                drive_freq_lock();
User\main_task.c(63): error:  #159: declaration is incompatible with previous "drive_freq_lock" (declared at line 32)
  void drive_freq_lock(void)
User\main_task.c: 1 warning, 1 error
compiling algorithm.c...
".\FYP2015\FYP2015.axf" - 1 Error(s), 1 Warning(s).
Target not created.
